2026-07-28 08:55:45,983 | INFO     | [NEWS] Calendar file for today (2026-07-28) already exists.
2026-07-28 08:55:46,230 | INFO     | MarketStateClassifier initialised
2026-07-28 08:55:46,239 | INFO     | กำลังเชื่อมต่อโบรกเกอร์  | IQ Option
2026-07-28 08:55:46,239 | INFO     | [IQOPTION] Initialized with Zero Tolerance compliance
2026-07-28 08:55:46,306 | INFO     | Using stable_api.IQ_Option class
2026-07-28 08:55:46,306 | INFO     | [CONN] Connecting to IQ Option (DEMO) as venuz20152565@gmail.com...
2026-07-28 08:55:46,306 | INFO     | [CONN] API created, attempting to connect...
2026-07-28 08:55:48,367 | INFO     | [CONN] IQ Option connected (REAL MONEY)
2026-07-28 08:55:48,416 | INFO     | เชื่อมต่อ IQ Option สำเร็จ
2026-07-28 08:55:48,416 | INFO     | [CSVManager] Initialized with base_dir: data_base/csv/iq_option
2026-07-28 08:55:48,416 | INFO     | [CSVWriter] Initialized with encoding: utf-8, decimals: 6
2026-07-28 08:55:48,416 | INFO     | [CSVQueue] Initialized with 1 worker(s)
2026-07-28 08:55:48,416 | INFO     | [DataMonitor] Initialized with log level: WARNING
2026-07-28 08:55:48,416 | INFO     | [DataAdapter] Initialized with Zero Tolerance compliance
2026-07-28 08:55:48,417 | INFO     | [ANOMALY] Initialized with thresholds: {'spike_threshold': 0.3, 'zero_volume_threshold': 0, 'impossible_candle_threshold': 0.001, 'spike_window': 20, 'max_consecutive_zero_volume': 3, 'max_consecutive_anomalies': 10}
2026-07-28 08:55:48,417 | INFO     | [CandleValidator] Initialized with validation configuration
2026-07-28 08:55:48,417 | INFO     | [DataAdapter] Initialized with configuration
2026-07-28 08:55:48,965 | INFO     | บัญชี DEMO | Balance: $1453.95
2026-07-28 08:55:48,965 | INFO     | Server time offset: -1.61899995803833 seconds
2026-07-28 08:55:48,965 | INFO     | [TIME SYNC] Started time sync daemon thread (scheduled at :30 of every minute)
2026-07-28 08:55:48,971 | INFO     | ตรวจพบรายการสินทรัพย์ : EURUSD, EURGBP, GBPUSD-OTC, EURGBP-OTC
2026-07-28 08:55:48,978 | INFO     | กำลังเตรียมข้อมูลสินทรัพย์ 4 รายการ : EURUSD, EURGBP, GBPUSD-OTC, EURGBP-OTC
2026-07-28 08:55:49,292 | INFO     | [IQOPTION] REST fetch succeeded for EURUSD: 100 candles
2026-07-28 08:55:49,645 | INFO     | [IQOPTION] REST fetch succeeded for EURUSD: 250 candles
2026-07-28 08:55:49,931 | INFO     | [IQOPTION] REST fetch succeeded for EURUSD: 50 candles
2026-07-28 08:55:49,943 | INFO     | [CSVQueue] Enqueuing write for data_base/csv/iq_option\EURUSD\EURUSD_M1.csv - Queue size: 0
2026-07-28 08:55:49,943 | INFO     | [CSVQueue] Processing write for data_base/csv/iq_option\EURUSD\EURUSD_M1.csv
2026-07-28 08:55:49,943 | INFO     | [CSVWriter] Writing 100 rows to data_base/csv/iq_option\EURUSD\EURUSD_M1.csv
2026-07-28 08:55:49,946 | INFO     | [CSVQueue] Enqueuing write for data_base/csv/iq_option\EURUSD\EURUSD_M5.csv - Queue size: 0
2026-07-28 08:55:49,948 | INFO     | [CSVQueue] Enqueuing write for data_base/csv/iq_option\EURUSD\EURUSD_M15.csv - Queue size: 1
2026-07-28 08:55:49,948 | INFO     | [DataAdapter] EURUSD initialised — M1:100 M5:250 M15:50
2026-07-28 08:55:50,037 | INFO     | [CSVWriter] Successfully wrote 100 rows to data_base/csv/iq_option\EURUSD\EURUSD_M1.csv
2026-07-28 08:55:50,052 | INFO     | [CSVQueue] Successfully processed write for data_base/csv/iq_option\EURUSD\EURUSD_M1.csv
2026-07-28 08:55:50,068 | INFO     | [CSVQueue] Processing write for data_base/csv/iq_option\EURUSD\EURUSD_M5.csv
2026-07-28 08:55:50,084 | INFO     | [CSVWriter] Writing 250 rows to data_base/csv/iq_option\EURUSD\EURUSD_M5.csv
2026-07-28 08:55:50,285 | INFO     | [CSVWriter] Successfully wrote 250 rows to data_base/csv/iq_option\EURUSD\EURUSD_M5.csv
2026-07-28 08:55:50,296 | INFO     | [CSVQueue] Successfully processed write for data_base/csv/iq_option\EURUSD\EURUSD_M5.csv
2026-07-28 08:55:50,296 | INFO     | [IQOPTION] REST fetch succeeded for EURGBP: 100 candles
2026-07-28 08:55:50,296 | INFO     | [CSVQueue] Processing write for data_base/csv/iq_option\EURUSD\EURUSD_M15.csv
2026-07-28 08:55:50,302 | INFO     | [CSVWriter] Writing 50 rows to data_base/csv/iq_option\EURUSD\EURUSD_M15.csv
2026-07-28 08:55:50,456 | INFO     | [CSVWriter] Successfully wrote 50 rows to data_base/csv/iq_option\EURUSD\EURUSD_M15.csv
2026-07-28 08:55:50,471 | INFO     | [CSVQueue] Successfully processed write for data_base/csv/iq_option\EURUSD\EURUSD_M15.csv
2026-07-28 08:55:50,486 | INFO     | [CSVQueue] Queue size: 0
2026-07-28 08:55:50,636 | INFO     | [IQOPTION] REST fetch succeeded for EURGBP: 250 candles
2026-07-28 08:55:50,894 | INFO     | [IQOPTION] REST fetch succeeded for EURGBP: 50 candles
2026-07-28 08:55:50,907 | INFO     | [CSVQueue] Enqueuing write for data_base/csv/iq_option\EURGBP\EURGBP_M1.csv - Queue size: 0
2026-07-28 08:55:50,908 | INFO     | [CSVQueue] Processing write for data_base/csv/iq_option\EURGBP\EURGBP_M1.csv
2026-07-28 08:55:50,908 | INFO     | [CSVWriter] Writing 100 rows to data_base/csv/iq_option\EURGBP\EURGBP_M1.csv
2026-07-28 08:55:50,911 | INFO     | [CSVQueue] Enqueuing write for data_base/csv/iq_option\EURGBP\EURGBP_M5.csv - Queue size: 0
2026-07-28 08:55:50,913 | INFO     | [CSVQueue] Enqueuing write for data_base/csv/iq_option\EURGBP\EURGBP_M15.csv - Queue size: 1
2026-07-28 08:55:50,913 | INFO     | [DataAdapter] EURGBP initialised — M1:100 M5:250 M15:50
2026-07-28 08:55:50,913 | INFO     | [CSVWriter] Successfully wrote 100 rows to data_base/csv/iq_option\EURGBP\EURGBP_M1.csv
2026-07-28 08:55:50,914 | INFO     | [CSVQueue] Successfully processed write for data_base/csv/iq_option\EURGBP\EURGBP_M1.csv
2026-07-28 08:55:50,922 | INFO     | [CSVQueue] Processing write for data_base/csv/iq_option\EURGBP\EURGBP_M5.csv
2026-07-28 08:55:50,938 | INFO     | [CSVWriter] Writing 250 rows to data_base/csv/iq_option\EURGBP\EURGBP_M5.csv
2026-07-28 08:55:51,094 | INFO     | [CSVWriter] Successfully wrote 250 rows to data_base/csv/iq_option\EURGBP\EURGBP_M5.csv
2026-07-28 08:55:51,109 | INFO     | [CSVQueue] Successfully processed write for data_base/csv/iq_option\EURGBP\EURGBP_M5.csv
2026-07-28 08:55:51,125 | INFO     | [CSVQueue] Processing write for data_base/csv/iq_option\EURGBP\EURGBP_M15.csv
2026-07-28 08:55:51,141 | INFO     | [CSVWriter] Writing 50 rows to data_base/csv/iq_option\EURGBP\EURGBP_M15.csv
2026-07-28 08:55:51,208 | INFO     | [IQOPTION] REST fetch succeeded for GBPUSD-OTC: 100 candles
2026-07-28 08:55:51,235 | INFO     | [CSVWriter] Successfully wrote 50 rows to data_base/csv/iq_option\EURGBP\EURGBP_M15.csv
2026-07-28 08:55:51,250 | INFO     | [CSVQueue] Successfully processed write for data_base/csv/iq_option\EURGBP\EURGBP_M15.csv
2026-07-28 08:55:51,266 | INFO     | [CSVQueue] Queue size: 0
2026-07-28 08:55:51,595 | INFO     | [IQOPTION] REST fetch succeeded for GBPUSD-OTC: 250 candles
2026-07-28 08:55:51,860 | INFO     | [IQOPTION] REST fetch succeeded for GBPUSD-OTC: 50 candles
2026-07-28 08:55:51,872 | INFO     | [CSVQueue] Enqueuing write for data_base/csv/iq_option\GBPUSD-OTC\GBPUSD-OTC_M1.csv - Queue size: 0
2026-07-28 08:55:51,872 | INFO     | [CSVQueue] Processing write for data_base/csv/iq_option\GBPUSD-OTC\GBPUSD-OTC_M1.csv
2026-07-28 08:55:51,872 | INFO     | [CSVWriter] Writing 100 rows to data_base/csv/iq_option\GBPUSD-OTC\GBPUSD-OTC_M1.csv
2026-07-28 08:55:51,875 | INFO     | [CSVQueue] Enqueuing write for data_base/csv/iq_option\GBPUSD-OTC\GBPUSD-OTC_M5.csv - Queue size: 0
2026-07-28 08:55:51,879 | INFO     | [CSVQueue] Enqueuing write for data_base/csv/iq_option\GBPUSD-OTC\GBPUSD-OTC_M15.csv - Queue size: 1
2026-07-28 08:55:51,880 | INFO     | [DataAdapter] GBPUSD-OTC initialised — M1:100 M5:250 M15:50
2026-07-28 08:55:51,920 | INFO     | [CSVWriter] Successfully wrote 101 rows to data_base/csv/iq_option\GBPUSD-OTC\GBPUSD-OTC_M1.csv
2026-07-28 08:55:51,937 | INFO     | [CSVQueue] Successfully processed write for data_base/csv/iq_option\GBPUSD-OTC\GBPUSD-OTC_M1.csv
2026-07-28 08:55:51,952 | INFO     | [CSVQueue] Processing write for data_base/csv/iq_option\GBPUSD-OTC\GBPUSD-OTC_M5.csv
2026-07-28 08:55:51,968 | INFO     | [CSVWriter] Writing 250 rows to data_base/csv/iq_option\GBPUSD-OTC\GBPUSD-OTC_M5.csv
2026-07-28 08:55:52,151 | INFO     | [IQOPTION] REST fetch succeeded for EURGBP-OTC: 100 candles
2026-07-28 08:55:52,295 | INFO     | [CSVWriter] Successfully wrote 250 rows to data_base/csv/iq_option\GBPUSD-OTC\GBPUSD-OTC_M5.csv
2026-07-28 08:55:52,311 | INFO     | [CSVQueue] Successfully processed write for data_base/csv/iq_option\GBPUSD-OTC\GBPUSD-OTC_M5.csv
2026-07-28 08:55:52,327 | INFO     | [CSVQueue] Processing write for data_base/csv/iq_option\GBPUSD-OTC\GBPUSD-OTC_M15.csv
2026-07-28 08:55:52,343 | INFO     | [CSVWriter] Writing 50 rows to data_base/csv/iq_option\GBPUSD-OTC\GBPUSD-OTC_M15.csv
2026-07-28 08:55:52,534 | INFO     | [IQOPTION] REST fetch succeeded for EURGBP-OTC: 250 candles
2026-07-28 08:55:52,542 | INFO     | [CSVWriter] Successfully wrote 50 rows to data_base/csv/iq_option\GBPUSD-OTC\GBPUSD-OTC_M15.csv
2026-07-28 08:55:52,543 | INFO     | [CSVQueue] Successfully processed write for data_base/csv/iq_option\GBPUSD-OTC\GBPUSD-OTC_M15.csv
2026-07-28 08:55:52,543 | INFO     | [CSVQueue] Queue size: 0
2026-07-28 08:55:52,773 | INFO     | [IQOPTION] REST fetch succeeded for EURGBP-OTC: 50 candles
2026-07-28 08:55:52,786 | INFO     | [CSVQueue] Enqueuing write for data_base/csv/iq_option\EURGBP-OTC\EURGBP-OTC_M1.csv - Queue size: 0
2026-07-28 08:55:52,786 | INFO     | [CSVQueue] Processing write for data_base/csv/iq_option\EURGBP-OTC\EURGBP-OTC_M1.csv
2026-07-28 08:55:52,786 | INFO     | [CSVWriter] Writing 100 rows to data_base/csv/iq_option\EURGBP-OTC\EURGBP-OTC_M1.csv
2026-07-28 08:55:52,788 | INFO     | [CSVQueue] Enqueuing write for data_base/csv/iq_option\EURGBP-OTC\EURGBP-OTC_M5.csv - Queue size: 0
2026-07-28 08:55:52,792 | INFO     | [CSVQueue] Enqueuing write for data_base/csv/iq_option\EURGBP-OTC\EURGBP-OTC_M15.csv - Queue size: 1
2026-07-28 08:55:52,792 | INFO     | [DataAdapter] EURGBP-OTC initialised — M1:100 M5:250 M15:50
2026-07-28 08:55:52,794 | INFO     | [CSVWriter] Successfully wrote 101 rows to data_base/csv/iq_option\EURGBP-OTC\EURGBP-OTC_M1.csv
2026-07-28 08:55:52,794 | INFO     | [CSVQueue] Successfully processed write for data_base/csv/iq_option\EURGBP-OTC\EURGBP-OTC_M1.csv
2026-07-28 08:55:52,795 | INFO     | [CSVQueue] Processing write for data_base/csv/iq_option\EURGBP-OTC\EURGBP-OTC_M5.csv
2026-07-28 08:55:52,795 | INFO     | [CSVWriter] Writing 250 rows to data_base/csv/iq_option\EURGBP-OTC\EURGBP-OTC_M5.csv
2026-07-28 08:55:52,806 | INFO     | [CSVWriter] Successfully wrote 250 rows to data_base/csv/iq_option\EURGBP-OTC\EURGBP-OTC_M5.csv
2026-07-28 08:55:52,807 | INFO     | [CSVQueue] Successfully processed write for data_base/csv/iq_option\EURGBP-OTC\EURGBP-OTC_M5.csv
2026-07-28 08:55:52,807 | INFO     | [CSVQueue] Processing write for data_base/csv/iq_option\EURGBP-OTC\EURGBP-OTC_M15.csv
2026-07-28 08:55:52,807 | INFO     | [CSVWriter] Writing 50 rows to data_base/csv/iq_option\EURGBP-OTC\EURGBP-OTC_M15.csv
2026-07-28 08:55:52,812 | INFO     | [CSVWriter] Successfully wrote 50 rows to data_base/csv/iq_option\EURGBP-OTC\EURGBP-OTC_M15.csv
2026-07-28 08:55:52,812 | INFO     | [CSVQueue] Successfully processed write for data_base/csv/iq_option\EURGBP-OTC\EURGBP-OTC_M15.csv
2026-07-28 08:55:52,812 | INFO     | [CSVQueue] Queue size: 0
2026-07-28 08:55:52,820 | INFO     | ข้อมูลพร้อมเทรด 4 รายการ  ไม่พร้อมเทรด 0 รายการ
2026-07-28 08:55:54,099 | INFO     | [WS] Subscribed live candles stream for EURUSD (M1, count=100)
2026-07-28 08:55:55,399 | INFO     | [WS] Subscribed live candles stream for EURUSD (M5, count=250)
2026-07-28 08:55:56,676 | INFO     | [WS] Subscribed live candles stream for EURGBP (M1, count=100)
2026-07-28 08:55:58,986 | INFO     | [WS] Subscribed live candles stream for EURGBP (M5, count=250)
2026-07-28 08:56:00,271 | INFO     | [WS] Subscribed live candles stream for GBPUSD-OTC (M1, count=100)
2026-07-28 08:56:01,535 | INFO     | [WS] Subscribed live candles stream for GBPUSD-OTC (M5, count=250)
2026-07-28 08:56:02,822 | INFO     | [WS] Subscribed live candles stream for EURGBP-OTC (M1, count=100)
2026-07-28 08:56:04,417 | INFO     | [WS] Subscribed live candles stream for EURGBP-OTC (M5, count=250)
2026-07-28 08:56:04,419 | INFO     | เข้าสู่การวิเคราะห์สัญญาณในอีก 57 วินาที  (เริ่ม 08:57:01)
2026-07-28 08:56:30,965 | INFO     | [TIME SYNC] Re-synced server time offset: -1.0920000076293945 seconds
