2026-07-24 13:09:57,732 | INFO     | MarketStateClassifier initialised
2026-07-24 13:09:57,737 | INFO     | กำลังเชื่อมต่อโบรกเกอร์  | IQ Option
2026-07-24 13:09:57,737 | INFO     | [IQOPTION] Initialized with Zero Tolerance compliance
2026-07-24 13:09:57,810 | INFO     | Using stable_api.IQ_Option class
2026-07-24 13:09:57,810 | INFO     | [CONN] Connecting to IQ Option (DEMO) as venuz20152565@gmail.com...
2026-07-24 13:09:57,811 | INFO     | [CONN] API created, attempting to connect...
2026-07-24 13:10:00,118 | INFO     | [CONN] IQ Option connected (REAL MONEY)
2026-07-24 13:10:00,118 | INFO     | เชื่อมต่อ IQ Option สำเร็จ
2026-07-24 13:10:00,119 | INFO     | [CSVManager] Initialized with base_dir: data_base/csv/iq_option
2026-07-24 13:10:00,119 | INFO     | [CSVWriter] Initialized with encoding: utf-8, decimals: 6
2026-07-24 13:10:00,119 | INFO     | [CSVQueue] Initialized with 1 worker(s)
2026-07-24 13:10:00,119 | INFO     | [DataMonitor] Initialized with log level: WARNING
2026-07-24 13:10:00,119 | INFO     | [DataAdapter] Initialized with Zero Tolerance compliance
2026-07-24 13:10:00,120 | INFO     | [ANOMALY] Initialized with thresholds: {'spike_threshold': 0.3, 'zero_volume_threshold': 0, 'impossible_candle_threshold': 0.001, 'spike_window': 20, 'max_consecutive_zero_volume': 3, 'max_consecutive_anomalies': 10}
2026-07-24 13:10:00,120 | INFO     | [CandleValidator] Initialized with validation configuration
2026-07-24 13:10:00,120 | INFO     | [DataAdapter] Initialized with configuration
2026-07-24 13:10:00,442 | INFO     | บัญชี DEMO | Balance: $1271.51
2026-07-24 13:10:00,442 | INFO     | Server time offset: -1.440999984741211 seconds
2026-07-24 13:10:00,442 | INFO     | ตรวจพบรายการสินทรัพย์ : EURUSD, EURUSD-OTC, GBPUSD-OTC, EURGBP-OTC
2026-07-24 13:10:00,442 | INFO     | กำลังเตรียมข้อมูลสินทรัพย์ 4 รายการ : EURUSD, EURUSD-OTC, GBPUSD-OTC, EURGBP-OTC
2026-07-24 13:10:00,982 | INFO     | [IQOPTION] REST fetch succeeded for EURUSD: 250 candles
2026-07-24 13:10:01,316 | INFO     | [IQOPTION] REST fetch succeeded for EURUSD: 250 candles
2026-07-24 13:10:01,620 | INFO     | [IQOPTION] REST fetch succeeded for EURUSD: 250 candles
2026-07-24 13:10:01,630 | INFO     | [CSVQueue] Enqueuing write for data_base/csv/iq_option\EURUSD\EURUSD_M1.csv - Queue size: 0
2026-07-24 13:10:01,630 | INFO     | [CSVQueue] Processing write for data_base/csv/iq_option\EURUSD\EURUSD_M1.csv
2026-07-24 13:10:01,631 | INFO     | [CSVWriter] Writing 250 rows to data_base/csv/iq_option\EURUSD\EURUSD_M1.csv
2026-07-24 13:10:01,633 | INFO     | [CSVQueue] Enqueuing write for data_base/csv/iq_option\EURUSD\EURUSD_M5.csv - Queue size: 0
2026-07-24 13:10:01,636 | INFO     | [CSVQueue] Enqueuing write for data_base/csv/iq_option\EURUSD\EURUSD_M15.csv - Queue size: 1
2026-07-24 13:10:01,636 | INFO     | [DataAdapter] EURUSD initialised — M1:250 M5:250 M15:250
2026-07-24 13:10:01,936 | INFO     | [IQOPTION] REST fetch succeeded for EURUSD-OTC: 250 candles
2026-07-24 13:10:01,954 | INFO     | [CSVWriter] Successfully wrote 348 rows to data_base/csv/iq_option\EURUSD\EURUSD_M1.csv
2026-07-24 13:10:01,969 | INFO     | [CSVQueue] Successfully processed write for data_base/csv/iq_option\EURUSD\EURUSD_M1.csv
2026-07-24 13:10:01,985 | INFO     | [CSVQueue] Processing write for data_base/csv/iq_option\EURUSD\EURUSD_M5.csv
2026-07-24 13:10:02,001 | INFO     | [CSVWriter] Writing 250 rows to data_base/csv/iq_option\EURUSD\EURUSD_M5.csv
2026-07-24 13:10:02,277 | INFO     | [IQOPTION] REST fetch succeeded for EURUSD-OTC: 250 candles
2026-07-24 13:10:02,344 | INFO     | [CSVWriter] Successfully wrote 269 rows to data_base/csv/iq_option\EURUSD\EURUSD_M5.csv
2026-07-24 13:10:02,359 | INFO     | [CSVQueue] Successfully processed write for data_base/csv/iq_option\EURUSD\EURUSD_M5.csv
2026-07-24 13:10:02,375 | INFO     | [CSVQueue] Processing write for data_base/csv/iq_option\EURUSD\EURUSD_M15.csv
2026-07-24 13:10:02,390 | INFO     | [CSVWriter] Writing 250 rows to data_base/csv/iq_option\EURUSD\EURUSD_M15.csv
2026-07-24 13:10:02,637 | INFO     | [IQOPTION] REST fetch succeeded for EURUSD-OTC: 250 candles
2026-07-24 13:10:02,654 | INFO     | [CSVQueue] Enqueuing write for data_base/csv/iq_option\EURUSD-OTC\EURUSD-OTC_M1.csv - Queue size: 0
2026-07-24 13:10:02,656 | INFO     | [CSVQueue] Enqueuing write for data_base/csv/iq_option\EURUSD-OTC\EURUSD-OTC_M5.csv - Queue size: 1
2026-07-24 13:10:02,657 | INFO     | [CSVWriter] Successfully wrote 256 rows to data_base/csv/iq_option\EURUSD\EURUSD_M15.csv
2026-07-24 13:10:02,657 | INFO     | [CSVQueue] Successfully processed write for data_base/csv/iq_option\EURUSD\EURUSD_M15.csv
2026-07-24 13:10:02,657 | INFO     | [CSVQueue] Enqueuing write for data_base/csv/iq_option\EURUSD-OTC\EURUSD-OTC_M15.csv - Queue size: 2
2026-07-24 13:10:02,657 | INFO     | [CSVQueue] Processing write for data_base/csv/iq_option\EURUSD-OTC\EURUSD-OTC_M1.csv
2026-07-24 13:10:02,657 | INFO     | [DataAdapter] EURUSD-OTC initialised — M1:250 M5:250 M15:250
2026-07-24 13:10:02,657 | INFO     | [CSVWriter] Writing 250 rows to data_base/csv/iq_option\EURUSD-OTC\EURUSD-OTC_M1.csv
2026-07-24 13:10:02,935 | INFO     | [IQOPTION] REST fetch succeeded for GBPUSD-OTC: 250 candles
2026-07-24 13:10:02,973 | INFO     | [CSVWriter] Successfully wrote 347 rows to data_base/csv/iq_option\EURUSD-OTC\EURUSD-OTC_M1.csv
2026-07-24 13:10:02,989 | INFO     | [CSVQueue] Successfully processed write for data_base/csv/iq_option\EURUSD-OTC\EURUSD-OTC_M1.csv
2026-07-24 13:10:03,005 | INFO     | [CSVQueue] Processing write for data_base/csv/iq_option\EURUSD-OTC\EURUSD-OTC_M5.csv
2026-07-24 13:10:03,021 | INFO     | [CSVWriter] Writing 250 rows to data_base/csv/iq_option\EURUSD-OTC\EURUSD-OTC_M5.csv
2026-07-24 13:10:03,271 | INFO     | [IQOPTION] REST fetch succeeded for GBPUSD-OTC: 250 candles
2026-07-24 13:10:03,291 | INFO     | [CSVWriter] Successfully wrote 269 rows to data_base/csv/iq_option\EURUSD-OTC\EURUSD-OTC_M5.csv
2026-07-24 13:10:03,306 | INFO     | [CSVQueue] Successfully processed write for data_base/csv/iq_option\EURUSD-OTC\EURUSD-OTC_M5.csv
2026-07-24 13:10:03,322 | INFO     | [CSVQueue] Processing write for data_base/csv/iq_option\EURUSD-OTC\EURUSD-OTC_M15.csv
2026-07-24 13:10:03,338 | INFO     | [CSVWriter] Writing 250 rows to data_base/csv/iq_option\EURUSD-OTC\EURUSD-OTC_M15.csv
2026-07-24 13:10:03,573 | INFO     | [IQOPTION] REST fetch succeeded for GBPUSD-OTC: 250 candles
2026-07-24 13:10:03,588 | INFO     | [CSVQueue] Enqueuing write for data_base/csv/iq_option\GBPUSD-OTC\GBPUSD-OTC_M1.csv - Queue size: 0
2026-07-24 13:10:03,590 | INFO     | [CSVWriter] Successfully wrote 256 rows to data_base/csv/iq_option\EURUSD-OTC\EURUSD-OTC_M15.csv
2026-07-24 13:10:03,590 | INFO     | [CSVQueue] Successfully processed write for data_base/csv/iq_option\EURUSD-OTC\EURUSD-OTC_M15.csv
2026-07-24 13:10:03,590 | INFO     | [CSVQueue] Processing write for data_base/csv/iq_option\GBPUSD-OTC\GBPUSD-OTC_M1.csv
2026-07-24 13:10:03,590 | INFO     | [CSVQueue] Enqueuing write for data_base/csv/iq_option\GBPUSD-OTC\GBPUSD-OTC_M5.csv - Queue size: 0
2026-07-24 13:10:03,590 | INFO     | [CSVWriter] Writing 250 rows to data_base/csv/iq_option\GBPUSD-OTC\GBPUSD-OTC_M1.csv
2026-07-24 13:10:03,593 | INFO     | [CSVQueue] Enqueuing write for data_base/csv/iq_option\GBPUSD-OTC\GBPUSD-OTC_M15.csv - Queue size: 1
2026-07-24 13:10:03,593 | INFO     | [DataAdapter] GBPUSD-OTC initialised — M1:250 M5:250 M15:250
2026-07-24 13:10:03,919 | INFO     | [CSVWriter] Successfully wrote 347 rows to data_base/csv/iq_option\GBPUSD-OTC\GBPUSD-OTC_M1.csv
2026-07-24 13:10:03,919 | INFO     | [IQOPTION] REST fetch succeeded for EURGBP-OTC: 250 candles
2026-07-24 13:10:03,919 | INFO     | [CSVQueue] Successfully processed write for data_base/csv/iq_option\GBPUSD-OTC\GBPUSD-OTC_M1.csv
2026-07-24 13:10:03,924 | INFO     | [CSVQueue] Processing write for data_base/csv/iq_option\GBPUSD-OTC\GBPUSD-OTC_M5.csv
2026-07-24 13:10:03,925 | INFO     | [CSVWriter] Writing 250 rows to data_base/csv/iq_option\GBPUSD-OTC\GBPUSD-OTC_M5.csv
2026-07-24 13:10:04,222 | INFO     | [IQOPTION] REST fetch succeeded for EURGBP-OTC: 250 candles
2026-07-24 13:10:04,257 | INFO     | [CSVWriter] Successfully wrote 269 rows to data_base/csv/iq_option\GBPUSD-OTC\GBPUSD-OTC_M5.csv
2026-07-24 13:10:04,272 | INFO     | [CSVQueue] Successfully processed write for data_base/csv/iq_option\GBPUSD-OTC\GBPUSD-OTC_M5.csv
2026-07-24 13:10:04,288 | INFO     | [CSVQueue] Processing write for data_base/csv/iq_option\GBPUSD-OTC\GBPUSD-OTC_M15.csv
2026-07-24 13:10:04,303 | INFO     | [CSVWriter] Writing 250 rows to data_base/csv/iq_option\GBPUSD-OTC\GBPUSD-OTC_M15.csv
2026-07-24 13:10:04,515 | INFO     | [IQOPTION] REST fetch succeeded for EURGBP-OTC: 250 candles
2026-07-24 13:10:04,531 | INFO     | [CSVQueue] Enqueuing write for data_base/csv/iq_option\EURGBP-OTC\EURGBP-OTC_M1.csv - Queue size: 0
2026-07-24 13:10:04,532 | INFO     | [CSVQueue] Enqueuing write for data_base/csv/iq_option\EURGBP-OTC\EURGBP-OTC_M5.csv - Queue size: 1
2026-07-24 13:10:04,532 | INFO     | [CSVWriter] Successfully wrote 256 rows to data_base/csv/iq_option\GBPUSD-OTC\GBPUSD-OTC_M15.csv
2026-07-24 13:10:04,532 | INFO     | [CSVQueue] Successfully processed write for data_base/csv/iq_option\GBPUSD-OTC\GBPUSD-OTC_M15.csv
2026-07-24 13:10:04,533 | INFO     | [CSVQueue] Processing write for data_base/csv/iq_option\EURGBP-OTC\EURGBP-OTC_M1.csv
2026-07-24 13:10:04,533 | INFO     | [CSVWriter] Writing 250 rows to data_base/csv/iq_option\EURGBP-OTC\EURGBP-OTC_M1.csv
2026-07-24 13:10:04,535 | INFO     | [CSVQueue] Enqueuing write for data_base/csv/iq_option\EURGBP-OTC\EURGBP-OTC_M15.csv - Queue size: 1
2026-07-24 13:10:04,535 | INFO     | [DataAdapter] EURGBP-OTC initialised — M1:250 M5:250 M15:250
2026-07-24 13:10:04,535 | INFO     | ข้อมูลพร้อมเทรด 4 รายการ  ไม่พร้อมเทรด 0 รายการ
2026-07-24 13:10:04,805 | INFO     | [CSVWriter] Successfully wrote 348 rows to data_base/csv/iq_option\EURGBP-OTC\EURGBP-OTC_M1.csv
2026-07-24 13:10:04,821 | INFO     | [CSVQueue] Successfully processed write for data_base/csv/iq_option\EURGBP-OTC\EURGBP-OTC_M1.csv
2026-07-24 13:10:04,832 | INFO     | [CSVQueue] Processing write for data_base/csv/iq_option\EURGBP-OTC\EURGBP-OTC_M5.csv
2026-07-24 13:10:04,832 | INFO     | [CSVWriter] Writing 250 rows to data_base/csv/iq_option\EURGBP-OTC\EURGBP-OTC_M5.csv
2026-07-24 13:10:04,842 | INFO     | [CSVWriter] Successfully wrote 270 rows to data_base/csv/iq_option\EURGBP-OTC\EURGBP-OTC_M5.csv
2026-07-24 13:10:04,842 | INFO     | [CSVQueue] Successfully processed write for data_base/csv/iq_option\EURGBP-OTC\EURGBP-OTC_M5.csv
2026-07-24 13:10:04,842 | INFO     | [CSVQueue] Processing write for data_base/csv/iq_option\EURGBP-OTC\EURGBP-OTC_M15.csv
2026-07-24 13:10:04,842 | INFO     | [CSVWriter] Writing 250 rows to data_base/csv/iq_option\EURGBP-OTC\EURGBP-OTC_M15.csv
2026-07-24 13:10:04,854 | INFO     | [CSVWriter] Successfully wrote 256 rows to data_base/csv/iq_option\EURGBP-OTC\EURGBP-OTC_M15.csv
2026-07-24 13:10:04,854 | INFO     | [CSVQueue] Successfully processed write for data_base/csv/iq_option\EURGBP-OTC\EURGBP-OTC_M15.csv
2026-07-24 13:10:04,854 | INFO     | [CSVQueue] Queue size: 0
2026-07-24 13:10:05,833 | INFO     | [WS] Subscribed live candles stream for EURUSD (M1, count=250)
2026-07-24 13:10:07,114 | INFO     | [WS] Subscribed live candles stream for EURUSD (M5, count=250)
2026-07-24 13:10:09,416 | INFO     | [WS] Subscribed live candles stream for EURUSD-OTC (M1, count=250)
2026-07-24 13:10:10,809 | INFO     | [WS] Subscribed live candles stream for EURUSD-OTC (M5, count=250)
2026-07-24 13:10:12,117 | INFO     | [WS] Subscribed live candles stream for GBPUSD-OTC (M1, count=250)
2026-07-24 13:10:14,424 | INFO     | [WS] Subscribed live candles stream for GBPUSD-OTC (M5, count=250)
2026-07-24 13:10:15,873 | INFO     | [WS] Subscribed live candles stream for EURGBP-OTC (M1, count=250)
2026-07-24 13:10:17,170 | INFO     | [WS] Subscribed live candles stream for EURGBP-OTC (M5, count=250)
2026-07-24 13:10:17,170 | INFO     | เข้าสู่การวิเคราะห์สัญญาณในอีก 46 วินาที  (เริ่ม 13:11:03)
