2026-07-28 08:30:15,290 | INFO     | [NEWS] Calendar file for today (2026-07-28) already exists.
2026-07-28 08:30:15,527 | INFO     | MarketStateClassifier initialised
2026-07-28 08:30:15,531 | INFO     | กำลังเชื่อมต่อโบรกเกอร์  | IQ Option
2026-07-28 08:30:15,531 | INFO     | [IQOPTION] Initialized with Zero Tolerance compliance
2026-07-28 08:30:15,605 | INFO     | Using stable_api.IQ_Option class
2026-07-28 08:30:15,605 | INFO     | [CONN] Connecting to IQ Option (DEMO) as venuz20152565@gmail.com...
2026-07-28 08:30:15,605 | INFO     | [CONN] API created, attempting to connect...
2026-07-28 08:30:18,153 | INFO     | [CONN] IQ Option connected (REAL MONEY)
2026-07-28 08:30:18,154 | INFO     | เชื่อมต่อ IQ Option สำเร็จ
2026-07-28 08:30:18,154 | INFO     | [CSVManager] Initialized with base_dir: data_base/csv/iq_option
2026-07-28 08:30:18,154 | INFO     | [CSVWriter] Initialized with encoding: utf-8, decimals: 6
2026-07-28 08:30:18,154 | INFO     | [CSVQueue] Initialized with 1 worker(s)
2026-07-28 08:30:18,155 | INFO     | [DataMonitor] Initialized with log level: WARNING
2026-07-28 08:30:18,155 | INFO     | [DataAdapter] Initialized with Zero Tolerance compliance
2026-07-28 08:30:18,155 | INFO     | [ANOMALY] Initialized with thresholds: {'spike_threshold': 0.3, 'zero_volume_threshold': 0, 'impossible_candle_threshold': 0.001, 'spike_window': 20, 'max_consecutive_zero_volume': 3, 'max_consecutive_anomalies': 10}
2026-07-28 08:30:18,155 | INFO     | [CandleValidator] Initialized with validation configuration
2026-07-28 08:30:18,155 | INFO     | [DataAdapter] Initialized with configuration
2026-07-28 08:30:18,638 | INFO     | บัญชี DEMO | Balance: $1453.95
2026-07-28 08:30:18,638 | INFO     | Server time offset: -1.812000036239624 seconds
2026-07-28 08:30:18,639 | INFO     | [TIME SYNC] Started time sync daemon thread (scheduled at :30 of every minute)
2026-07-28 08:30:18,639 | INFO     | ตรวจพบรายการสินทรัพย์ : EURUSD, EURGBP, GBPUSD-OTC, EURGBP-OTC
2026-07-28 08:30:18,639 | INFO     | กำลังเตรียมข้อมูลสินทรัพย์ 4 รายการ : EURUSD, EURGBP, GBPUSD-OTC, EURGBP-OTC
2026-07-28 08:30:18,906 | INFO     | [IQOPTION] REST fetch succeeded for EURUSD: 100 candles
2026-07-28 08:30:19,344 | INFO     | [IQOPTION] REST fetch succeeded for EURUSD: 250 candles
2026-07-28 08:30:19,641 | INFO     | [IQOPTION] REST fetch succeeded for EURUSD: 50 candles
2026-07-28 08:30:19,655 | INFO     | [CSVQueue] Enqueuing write for data_base/csv/iq_option\EURUSD\EURUSD_M1.csv - Queue size: 0
2026-07-28 08:30:19,655 | INFO     | [CSVQueue] Processing write for data_base/csv/iq_option\EURUSD\EURUSD_M1.csv
2026-07-28 08:30:19,655 | INFO     | [CSVWriter] Writing 100 rows to data_base/csv/iq_option\EURUSD\EURUSD_M1.csv
2026-07-28 08:30:19,658 | INFO     | [CSVQueue] Enqueuing write for data_base/csv/iq_option\EURUSD\EURUSD_M5.csv - Queue size: 0
2026-07-28 08:30:19,659 | INFO     | [CSVQueue] Enqueuing write for data_base/csv/iq_option\EURUSD\EURUSD_M15.csv - Queue size: 1
2026-07-28 08:30:19,659 | INFO     | [DataAdapter] EURUSD initialised — M1:100 M5:250 M15:50
2026-07-28 08:30:19,929 | INFO     | [CSVWriter] Successfully wrote 106 rows to data_base/csv/iq_option\EURUSD\EURUSD_M1.csv
2026-07-28 08:30:19,932 | INFO     | [CSVQueue] Successfully processed write for data_base/csv/iq_option\EURUSD\EURUSD_M1.csv
2026-07-28 08:30:19,933 | INFO     | [IQOPTION] REST fetch succeeded for EURGBP: 100 candles
2026-07-28 08:30:19,933 | INFO     | [CSVQueue] Processing write for data_base/csv/iq_option\EURUSD\EURUSD_M5.csv
2026-07-28 08:30:19,939 | INFO     | [CSVWriter] Writing 250 rows to data_base/csv/iq_option\EURUSD\EURUSD_M5.csv
2026-07-28 08:30:20,233 | INFO     | [IQOPTION] REST fetch succeeded for EURGBP: 250 candles
2026-07-28 08:30:20,315 | INFO     | [CSVWriter] Successfully wrote 252 rows to data_base/csv/iq_option\EURUSD\EURUSD_M5.csv
2026-07-28 08:30:20,331 | INFO     | [CSVQueue] Successfully processed write for data_base/csv/iq_option\EURUSD\EURUSD_M5.csv
2026-07-28 08:30:20,346 | INFO     | [CSVQueue] Processing write for data_base/csv/iq_option\EURUSD\EURUSD_M15.csv
2026-07-28 08:30:20,362 | INFO     | [CSVWriter] Writing 50 rows to data_base/csv/iq_option\EURUSD\EURUSD_M15.csv
2026-07-28 08:30:20,506 | INFO     | [IQOPTION] REST fetch succeeded for EURGBP: 50 candles
2026-07-28 08:30:20,519 | INFO     | [CSVQueue] Enqueuing write for data_base/csv/iq_option\EURGBP\EURGBP_M1.csv - Queue size: 0
2026-07-28 08:30:20,521 | INFO     | [CSVQueue] Enqueuing write for data_base/csv/iq_option\EURGBP\EURGBP_M5.csv - Queue size: 1
2026-07-28 08:30:20,521 | INFO     | [CSVWriter] Successfully wrote 51 rows to data_base/csv/iq_option\EURUSD\EURUSD_M15.csv
2026-07-28 08:30:20,522 | INFO     | [CSVQueue] Successfully processed write for data_base/csv/iq_option\EURUSD\EURUSD_M15.csv
2026-07-28 08:30:20,522 | INFO     | [CSVQueue] Enqueuing write for data_base/csv/iq_option\EURGBP\EURGBP_M15.csv - Queue size: 2
2026-07-28 08:30:20,522 | INFO     | [CSVQueue] Processing write for data_base/csv/iq_option\EURGBP\EURGBP_M1.csv
2026-07-28 08:30:20,522 | INFO     | [DataAdapter] EURGBP initialised — M1:100 M5:250 M15:50
2026-07-28 08:30:20,522 | INFO     | [CSVWriter] Writing 100 rows to data_base/csv/iq_option\EURGBP\EURGBP_M1.csv
2026-07-28 08:30:20,760 | INFO     | [IQOPTION] REST fetch succeeded for GBPUSD-OTC: 100 candles
2026-07-28 08:30:20,787 | INFO     | [CSVWriter] Successfully wrote 106 rows to data_base/csv/iq_option\EURGBP\EURGBP_M1.csv
2026-07-28 08:30:20,802 | INFO     | [CSVQueue] Successfully processed write for data_base/csv/iq_option\EURGBP\EURGBP_M1.csv
2026-07-28 08:30:20,818 | INFO     | [CSVQueue] Processing write for data_base/csv/iq_option\EURGBP\EURGBP_M5.csv
2026-07-28 08:30:20,834 | INFO     | [CSVWriter] Writing 250 rows to data_base/csv/iq_option\EURGBP\EURGBP_M5.csv
2026-07-28 08:30:21,064 | INFO     | [IQOPTION] REST fetch succeeded for GBPUSD-OTC: 250 candles
2026-07-28 08:30:21,129 | INFO     | [CSVWriter] Successfully wrote 252 rows to data_base/csv/iq_option\EURGBP\EURGBP_M5.csv
2026-07-28 08:30:21,145 | INFO     | [CSVQueue] Successfully processed write for data_base/csv/iq_option\EURGBP\EURGBP_M5.csv
2026-07-28 08:30:21,161 | INFO     | [CSVQueue] Processing write for data_base/csv/iq_option\EURGBP\EURGBP_M15.csv
2026-07-28 08:30:21,177 | INFO     | [CSVWriter] Writing 50 rows to data_base/csv/iq_option\EURGBP\EURGBP_M15.csv
2026-07-28 08:30:21,306 | INFO     | [IQOPTION] REST fetch succeeded for GBPUSD-OTC: 50 candles
2026-07-28 08:30:21,325 | INFO     | [CSVQueue] Enqueuing write for data_base/csv/iq_option\GBPUSD-OTC\GBPUSD-OTC_M1.csv - Queue size: 0
2026-07-28 08:30:21,326 | INFO     | [CSVQueue] Enqueuing write for data_base/csv/iq_option\GBPUSD-OTC\GBPUSD-OTC_M5.csv - Queue size: 1
2026-07-28 08:30:21,326 | INFO     | [CSVWriter] Successfully wrote 51 rows to data_base/csv/iq_option\EURGBP\EURGBP_M15.csv
2026-07-28 08:30:21,326 | INFO     | [CSVQueue] Successfully processed write for data_base/csv/iq_option\EURGBP\EURGBP_M15.csv
2026-07-28 08:30:21,327 | INFO     | [CSVQueue] Processing write for data_base/csv/iq_option\GBPUSD-OTC\GBPUSD-OTC_M1.csv
2026-07-28 08:30:21,327 | INFO     | [CSVWriter] Writing 100 rows to data_base/csv/iq_option\GBPUSD-OTC\GBPUSD-OTC_M1.csv
2026-07-28 08:30:21,330 | INFO     | [CSVQueue] Enqueuing write for data_base/csv/iq_option\GBPUSD-OTC\GBPUSD-OTC_M15.csv - Queue size: 1
2026-07-28 08:30:21,330 | INFO     | [DataAdapter] GBPUSD-OTC initialised — M1:100 M5:250 M15:50
2026-07-28 08:30:21,487 | INFO     | [CSVWriter] Successfully wrote 107 rows to data_base/csv/iq_option\GBPUSD-OTC\GBPUSD-OTC_M1.csv
2026-07-28 08:30:21,503 | INFO     | [CSVQueue] Successfully processed write for data_base/csv/iq_option\GBPUSD-OTC\GBPUSD-OTC_M1.csv
2026-07-28 08:30:21,518 | INFO     | [CSVQueue] Processing write for data_base/csv/iq_option\GBPUSD-OTC\GBPUSD-OTC_M5.csv
2026-07-28 08:30:21,549 | INFO     | [CSVWriter] Writing 250 rows to data_base/csv/iq_option\GBPUSD-OTC\GBPUSD-OTC_M5.csv
2026-07-28 08:30:21,591 | INFO     | [IQOPTION] REST fetch succeeded for EURGBP-OTC: 100 candles
2026-07-28 08:30:21,909 | INFO     | [CSVWriter] Successfully wrote 252 rows to data_base/csv/iq_option\GBPUSD-OTC\GBPUSD-OTC_M5.csv
2026-07-28 08:30:21,916 | INFO     | [CSVQueue] Successfully processed write for data_base/csv/iq_option\GBPUSD-OTC\GBPUSD-OTC_M5.csv
2026-07-28 08:30:21,917 | INFO     | [IQOPTION] REST fetch succeeded for EURGBP-OTC: 250 candles
2026-07-28 08:30:21,917 | INFO     | [CSVQueue] Processing write for data_base/csv/iq_option\GBPUSD-OTC\GBPUSD-OTC_M15.csv
2026-07-28 08:30:21,924 | INFO     | [CSVWriter] Writing 50 rows to data_base/csv/iq_option\GBPUSD-OTC\GBPUSD-OTC_M15.csv
2026-07-28 08:30:22,163 | INFO     | [IQOPTION] REST fetch succeeded for EURGBP-OTC: 50 candles
2026-07-28 08:30:22,183 | INFO     | [CSVWriter] Successfully wrote 51 rows to data_base/csv/iq_option\GBPUSD-OTC\GBPUSD-OTC_M15.csv
2026-07-28 08:30:22,183 | INFO     | [CSVQueue] Successfully processed write for data_base/csv/iq_option\GBPUSD-OTC\GBPUSD-OTC_M15.csv
2026-07-28 08:30:22,184 | INFO     | [CSVQueue] Queue size: 0
2026-07-28 08:30:22,184 | INFO     | [CSVQueue] Enqueuing write for data_base/csv/iq_option\EURGBP-OTC\EURGBP-OTC_M1.csv - Queue size: 0
2026-07-28 08:30:22,184 | INFO     | [CSVQueue] Processing write for data_base/csv/iq_option\EURGBP-OTC\EURGBP-OTC_M1.csv
2026-07-28 08:30:22,184 | INFO     | [CSVWriter] Writing 100 rows to data_base/csv/iq_option\EURGBP-OTC\EURGBP-OTC_M1.csv
2026-07-28 08:30:22,187 | INFO     | [CSVQueue] Enqueuing write for data_base/csv/iq_option\EURGBP-OTC\EURGBP-OTC_M5.csv - Queue size: 0
2026-07-28 08:30:22,189 | INFO     | [CSVQueue] Enqueuing write for data_base/csv/iq_option\EURGBP-OTC\EURGBP-OTC_M15.csv - Queue size: 1
2026-07-28 08:30:22,191 | INFO     | [DataAdapter] EURGBP-OTC initialised — M1:100 M5:250 M15:50
2026-07-28 08:30:22,191 | INFO     | ข้อมูลพร้อมเทรด 4 รายการ  ไม่พร้อมเทรด 0 รายการ
2026-07-28 08:30:22,295 | INFO     | [CSVWriter] Successfully wrote 107 rows to data_base/csv/iq_option\EURGBP-OTC\EURGBP-OTC_M1.csv
2026-07-28 08:30:22,310 | INFO     | [CSVQueue] Successfully processed write for data_base/csv/iq_option\EURGBP-OTC\EURGBP-OTC_M1.csv
2026-07-28 08:30:22,326 | INFO     | [CSVQueue] Processing write for data_base/csv/iq_option\EURGBP-OTC\EURGBP-OTC_M5.csv
2026-07-28 08:30:22,342 | INFO     | [CSVWriter] Writing 250 rows to data_base/csv/iq_option\EURGBP-OTC\EURGBP-OTC_M5.csv
2026-07-28 08:30:22,480 | INFO     | [CSVWriter] Successfully wrote 252 rows to data_base/csv/iq_option\EURGBP-OTC\EURGBP-OTC_M5.csv
2026-07-28 08:30:22,480 | INFO     | [CSVQueue] Successfully processed write for data_base/csv/iq_option\EURGBP-OTC\EURGBP-OTC_M5.csv
2026-07-28 08:30:22,480 | INFO     | [CSVQueue] Processing write for data_base/csv/iq_option\EURGBP-OTC\EURGBP-OTC_M15.csv
2026-07-28 08:30:22,480 | INFO     | [CSVWriter] Writing 50 rows to data_base/csv/iq_option\EURGBP-OTC\EURGBP-OTC_M15.csv
2026-07-28 08:30:22,486 | INFO     | [CSVWriter] Successfully wrote 51 rows to data_base/csv/iq_option\EURGBP-OTC\EURGBP-OTC_M15.csv
2026-07-28 08:30:22,486 | INFO     | [CSVQueue] Successfully processed write for data_base/csv/iq_option\EURGBP-OTC\EURGBP-OTC_M15.csv
2026-07-28 08:30:22,487 | INFO     | [CSVQueue] Queue size: 0
2026-07-28 08:30:23,475 | INFO     | [WS] Subscribed live candles stream for EURUSD (M1, count=100)
2026-07-28 08:30:24,778 | INFO     | [WS] Subscribed live candles stream for EURUSD (M5, count=250)
2026-07-28 08:30:26,108 | INFO     | [WS] Subscribed live candles stream for EURGBP (M1, count=100)
2026-07-28 08:30:27,410 | INFO     | [WS] Subscribed live candles stream for EURGBP (M5, count=250)
2026-07-28 08:30:28,677 | INFO     | [WS] Subscribed live candles stream for GBPUSD-OTC (M1, count=100)
2026-07-28 08:30:30,639 | INFO     | [TIME SYNC] Re-synced server time offset: -1.6449999809265137 seconds
2026-07-28 08:30:30,975 | INFO     | [WS] Subscribed live candles stream for GBPUSD-OTC (M5, count=250)
2026-07-28 08:30:32,271 | INFO     | [WS] Subscribed live candles stream for EURGBP-OTC (M1, count=100)
2026-07-28 08:30:33,546 | INFO     | [WS] Subscribed live candles stream for EURGBP-OTC (M5, count=250)
2026-07-28 08:30:33,547 | INFO     | เข้าสู่การวิเคราะห์สัญญาณในอีก 28 วินาที  (เริ่ม 08:31:01)
