2026-07-29 07:00:14,934 | INFO     | [NEWS] Calendar file for today (2026-07-29) not found. Running calendar_news.py...
2026-07-29 07:00:18,148 | INFO     | [NEWS] calendar_news.py executed successfully.
2026-07-29 07:00:18,148 | INFO     | ดาวน์โหลดปฏิทินข่าวประจำวัน (2026-07-29) : สำเร็จเรียบร้อย
2026-07-29 07:00:18,388 | INFO     | MarketStateClassifier initialised
2026-07-29 07:00:18,390 | INFO     | กำลังเชื่อมต่อโบรกเกอร์  | IQ Option
2026-07-29 07:00:18,390 | INFO     | [IQOPTION] Initialized with Zero Tolerance compliance
2026-07-29 07:00:18,466 | INFO     | Using stable_api.IQ_Option class
2026-07-29 07:00:18,466 | INFO     | [CONN] Connecting to IQ Option (DEMO) as venuz20152565@gmail.com...
2026-07-29 07:00:18,466 | INFO     | [CONN] API created, attempting to connect...
2026-07-29 07:00:20,762 | INFO     | [CONN] IQ Option connected (REAL MONEY)
2026-07-29 07:00:20,763 | INFO     | เชื่อมต่อ IQ Option สำเร็จ
2026-07-29 07:00:20,763 | INFO     | [CSVManager] Initialized with base_dir: data_base/csv/iq_option
2026-07-29 07:00:20,763 | INFO     | [CSVWriter] Initialized with encoding: utf-8, decimals: 6
2026-07-29 07:00:20,764 | INFO     | [CSVQueue] Initialized with 1 worker(s)
2026-07-29 07:00:20,764 | INFO     | [DataMonitor] Initialized with log level: WARNING
2026-07-29 07:00:20,764 | INFO     | [DataAdapter] Initialized with Zero Tolerance compliance
2026-07-29 07:00:20,764 | INFO     | [CandleValidator] Initialized with validation configuration
2026-07-29 07:00:20,764 | INFO     | [DataAdapter] Initialized with configuration
2026-07-29 07:00:21,113 | INFO     | บัญชี DEMO | Balance: $1453.95
2026-07-29 07:00:21,113 | INFO     | [TIME SYNC] Server time offset: -2.4830000400543213 seconds
2026-07-29 07:00:21,113 | INFO     | Time Sync : -2.483s
2026-07-29 07:00:21,127 | INFO     | [TIME SYNC] Started time sync daemon thread (scheduled at :30 of every minute)
2026-07-29 07:00:21,127 | INFO     | ตรวจพบรายการสินทรัพย์ : EURUSD, EURGBP, GBPUSD-OTC, EURGBP-OTC
2026-07-29 07:00:21,127 | INFO     | กำลังเตรียมข้อมูลสินทรัพย์ 4 รายการ : EURUSD, EURGBP, GBPUSD-OTC, EURGBP-OTC
2026-07-29 07:00:21,445 | INFO     | [IQOPTION] REST fetch succeeded for EURUSD: 100 candles
2026-07-29 07:00:21,876 | INFO     | [IQOPTION] REST fetch succeeded for EURUSD: 250 candles
2026-07-29 07:00:22,127 | INFO     | [IQOPTION] REST fetch succeeded for EURUSD: 50 candles
2026-07-29 07:00:22,143 | INFO     | [CSVQueue] Enqueuing write for data_base/csv/iq_option\EURUSD\EURUSD_M1.csv - Queue size: 0
2026-07-29 07:00:22,143 | INFO     | [CSVQueue] Processing write for data_base/csv/iq_option\EURUSD\EURUSD_M1.csv
2026-07-29 07:00:22,143 | INFO     | [CSVWriter] Writing 100 rows to data_base/csv/iq_option\EURUSD\EURUSD_M1.csv
2026-07-29 07:00:22,145 | INFO     | [CSVQueue] Enqueuing write for data_base/csv/iq_option\EURUSD\EURUSD_M5.csv - Queue size: 0
2026-07-29 07:00:22,146 | INFO     | [CSVQueue] Enqueuing write for data_base/csv/iq_option\EURUSD\EURUSD_M15.csv - Queue size: 1
2026-07-29 07:00:22,147 | INFO     | [DataAdapter] EURUSD initialised — M1:100 M5:250 M15:50
2026-07-29 07:00:22,468 | INFO     | [IQOPTION] REST fetch succeeded for EURGBP: 100 candles
2026-07-29 07:00:22,539 | INFO     | [CSVWriter] Successfully wrote 141 rows to data_base/csv/iq_option\EURUSD\EURUSD_M1.csv
2026-07-29 07:00:22,554 | INFO     | [CSVQueue] Successfully processed write for data_base/csv/iq_option\EURUSD\EURUSD_M1.csv
2026-07-29 07:00:22,569 | INFO     | [CSVQueue] Processing write for data_base/csv/iq_option\EURUSD\EURUSD_M5.csv
2026-07-29 07:00:22,615 | INFO     | [CSVWriter] Writing 250 rows to data_base/csv/iq_option\EURUSD\EURUSD_M5.csv
2026-07-29 07:00:22,798 | INFO     | [IQOPTION] REST fetch succeeded for EURGBP: 250 candles
2026-07-29 07:00:22,954 | INFO     | [CSVWriter] Successfully wrote 258 rows to data_base/csv/iq_option\EURUSD\EURUSD_M5.csv
2026-07-29 07:00:22,970 | INFO     | [CSVQueue] Successfully processed write for data_base/csv/iq_option\EURUSD\EURUSD_M5.csv
2026-07-29 07:00:22,986 | INFO     | [CSVQueue] Processing write for data_base/csv/iq_option\EURUSD\EURUSD_M15.csv
2026-07-29 07:00:23,032 | INFO     | [CSVWriter] Writing 50 rows to data_base/csv/iq_option\EURUSD\EURUSD_M15.csv
2026-07-29 07:00:23,066 | INFO     | [IQOPTION] REST fetch succeeded for EURGBP: 50 candles
2026-07-29 07:00:23,088 | INFO     | [CSVQueue] Enqueuing write for data_base/csv/iq_option\EURGBP\EURGBP_M1.csv - Queue size: 0
2026-07-29 07:00:23,092 | INFO     | [CSVQueue] Enqueuing write for data_base/csv/iq_option\EURGBP\EURGBP_M5.csv - Queue size: 1
2026-07-29 07:00:23,093 | INFO     | [CSVQueue] Enqueuing write for data_base/csv/iq_option\EURGBP\EURGBP_M15.csv - Queue size: 2
2026-07-29 07:00:23,093 | INFO     | [CSVWriter] Successfully wrote 52 rows to data_base/csv/iq_option\EURUSD\EURUSD_M15.csv
2026-07-29 07:00:23,093 | INFO     | [DataAdapter] EURGBP initialised — M1:100 M5:250 M15:50
2026-07-29 07:00:23,093 | INFO     | [CSVQueue] Successfully processed write for data_base/csv/iq_option\EURUSD\EURUSD_M15.csv
2026-07-29 07:00:23,094 | INFO     | [CSVQueue] Processing write for data_base/csv/iq_option\EURGBP\EURGBP_M1.csv
2026-07-29 07:00:23,155 | INFO     | [CSVWriter] Writing 100 rows to data_base/csv/iq_option\EURGBP\EURGBP_M1.csv
2026-07-29 07:00:23,342 | INFO     | [IQOPTION] REST fetch succeeded for GBPUSD-OTC: 100 candles
2026-07-29 07:00:23,414 | INFO     | [CSVWriter] Successfully wrote 141 rows to data_base/csv/iq_option\EURGBP\EURGBP_M1.csv
2026-07-29 07:00:23,430 | INFO     | [CSVQueue] Successfully processed write for data_base/csv/iq_option\EURGBP\EURGBP_M1.csv
2026-07-29 07:00:23,445 | INFO     | [CSVQueue] Processing write for data_base/csv/iq_option\EURGBP\EURGBP_M5.csv
2026-07-29 07:00:23,491 | INFO     | [CSVWriter] Writing 250 rows to data_base/csv/iq_option\EURGBP\EURGBP_M5.csv
2026-07-29 07:00:23,714 | INFO     | [CSVWriter] Successfully wrote 258 rows to data_base/csv/iq_option\EURGBP\EURGBP_M5.csv
2026-07-29 07:00:23,714 | INFO     | [IQOPTION] REST fetch succeeded for GBPUSD-OTC: 250 candles
2026-07-29 07:00:23,715 | INFO     | [CSVQueue] Successfully processed write for data_base/csv/iq_option\EURGBP\EURGBP_M5.csv
2026-07-29 07:00:23,722 | INFO     | [CSVQueue] Processing write for data_base/csv/iq_option\EURGBP\EURGBP_M15.csv
2026-07-29 07:00:23,766 | INFO     | [CSVWriter] Writing 50 rows to data_base/csv/iq_option\EURGBP\EURGBP_M15.csv
2026-07-29 07:00:24,005 | INFO     | [IQOPTION] REST fetch succeeded for GBPUSD-OTC: 50 candles
2026-07-29 07:00:24,039 | INFO     | [CSVQueue] Enqueuing write for data_base/csv/iq_option\GBPUSD-OTC\GBPUSD-OTC_M1.csv - Queue size: 0
2026-07-29 07:00:24,042 | INFO     | [CSVQueue] Enqueuing write for data_base/csv/iq_option\GBPUSD-OTC\GBPUSD-OTC_M5.csv - Queue size: 1
2026-07-29 07:00:24,042 | INFO     | [CSVWriter] Successfully wrote 52 rows to data_base/csv/iq_option\EURGBP\EURGBP_M15.csv
2026-07-29 07:00:24,042 | INFO     | [CSVQueue] Successfully processed write for data_base/csv/iq_option\EURGBP\EURGBP_M15.csv
2026-07-29 07:00:24,043 | INFO     | [CSVQueue] Processing write for data_base/csv/iq_option\GBPUSD-OTC\GBPUSD-OTC_M1.csv
2026-07-29 07:00:24,043 | INFO     | [CSVQueue] Enqueuing write for data_base/csv/iq_option\GBPUSD-OTC\GBPUSD-OTC_M15.csv - Queue size: 1
2026-07-29 07:00:24,044 | INFO     | [DataAdapter] GBPUSD-OTC initialised — M1:100 M5:250 M15:50
2026-07-29 07:00:24,044 | INFO     | [CSVWriter] Writing 100 rows to data_base/csv/iq_option\GBPUSD-OTC\GBPUSD-OTC_M1.csv
2026-07-29 07:00:24,342 | INFO     | [IQOPTION] REST fetch succeeded for EURGBP-OTC: 100 candles
2026-07-29 07:00:24,366 | INFO     | [CSVWriter] Successfully wrote 141 rows to data_base/csv/iq_option\GBPUSD-OTC\GBPUSD-OTC_M1.csv
2026-07-29 07:00:24,382 | INFO     | [CSVQueue] Successfully processed write for data_base/csv/iq_option\GBPUSD-OTC\GBPUSD-OTC_M1.csv
2026-07-29 07:00:24,397 | INFO     | [CSVQueue] Processing write for data_base/csv/iq_option\GBPUSD-OTC\GBPUSD-OTC_M5.csv
2026-07-29 07:00:24,458 | INFO     | [CSVWriter] Writing 250 rows to data_base/csv/iq_option\GBPUSD-OTC\GBPUSD-OTC_M5.csv
2026-07-29 07:00:24,642 | INFO     | [IQOPTION] REST fetch succeeded for EURGBP-OTC: 250 candles
2026-07-29 07:00:24,827 | INFO     | [CSVWriter] Successfully wrote 258 rows to data_base/csv/iq_option\GBPUSD-OTC\GBPUSD-OTC_M5.csv
2026-07-29 07:00:24,843 | INFO     | [CSVQueue] Successfully processed write for data_base/csv/iq_option\GBPUSD-OTC\GBPUSD-OTC_M5.csv
2026-07-29 07:00:24,858 | INFO     | [CSVQueue] Processing write for data_base/csv/iq_option\GBPUSD-OTC\GBPUSD-OTC_M15.csv
2026-07-29 07:00:24,907 | INFO     | [CSVWriter] Writing 50 rows to data_base/csv/iq_option\GBPUSD-OTC\GBPUSD-OTC_M15.csv
2026-07-29 07:00:24,909 | INFO     | [IQOPTION] REST fetch succeeded for EURGBP-OTC: 50 candles
2026-07-29 07:00:24,927 | INFO     | [CSVQueue] Enqueuing write for data_base/csv/iq_option\EURGBP-OTC\EURGBP-OTC_M1.csv - Queue size: 0
2026-07-29 07:00:24,930 | INFO     | [CSVQueue] Enqueuing write for data_base/csv/iq_option\EURGBP-OTC\EURGBP-OTC_M5.csv - Queue size: 1
2026-07-29 07:00:24,931 | INFO     | [CSVWriter] Successfully wrote 52 rows to data_base/csv/iq_option\GBPUSD-OTC\GBPUSD-OTC_M15.csv
2026-07-29 07:00:24,931 | INFO     | [CSVQueue] Successfully processed write for data_base/csv/iq_option\GBPUSD-OTC\GBPUSD-OTC_M15.csv
2026-07-29 07:00:24,931 | INFO     | [CSVQueue] Processing write for data_base/csv/iq_option\EURGBP-OTC\EURGBP-OTC_M1.csv
2026-07-29 07:00:24,932 | INFO     | [CSVQueue] Enqueuing write for data_base/csv/iq_option\EURGBP-OTC\EURGBP-OTC_M15.csv - Queue size: 1
2026-07-29 07:00:24,932 | INFO     | [DataAdapter] EURGBP-OTC initialised — M1:100 M5:250 M15:50
2026-07-29 07:00:24,932 | INFO     | [CSVWriter] Writing 100 rows to data_base/csv/iq_option\EURGBP-OTC\EURGBP-OTC_M1.csv
2026-07-29 07:00:24,932 | INFO     | ข้อมูลพร้อมเทรด 4 รายการ  ไม่พร้อมเทรด 0 รายการ
2026-07-29 07:00:25,205 | INFO     | [CSVWriter] Successfully wrote 141 rows to data_base/csv/iq_option\EURGBP-OTC\EURGBP-OTC_M1.csv
2026-07-29 07:00:25,205 | INFO     | [CSVQueue] Successfully processed write for data_base/csv/iq_option\EURGBP-OTC\EURGBP-OTC_M1.csv
2026-07-29 07:00:25,205 | INFO     | [CSVQueue] Processing write for data_base/csv/iq_option\EURGBP-OTC\EURGBP-OTC_M5.csv
2026-07-29 07:00:25,206 | INFO     | [CSVWriter] Writing 250 rows to data_base/csv/iq_option\EURGBP-OTC\EURGBP-OTC_M5.csv
2026-07-29 07:00:25,217 | INFO     | [CSVWriter] Successfully wrote 258 rows to data_base/csv/iq_option\EURGBP-OTC\EURGBP-OTC_M5.csv
2026-07-29 07:00:25,218 | INFO     | [CSVQueue] Successfully processed write for data_base/csv/iq_option\EURGBP-OTC\EURGBP-OTC_M5.csv
2026-07-29 07:00:25,218 | INFO     | [CSVQueue] Processing write for data_base/csv/iq_option\EURGBP-OTC\EURGBP-OTC_M15.csv
2026-07-29 07:00:25,218 | INFO     | [CSVWriter] Writing 50 rows to data_base/csv/iq_option\EURGBP-OTC\EURGBP-OTC_M15.csv
2026-07-29 07:00:25,227 | INFO     | [CSVWriter] Successfully wrote 52 rows to data_base/csv/iq_option\EURGBP-OTC\EURGBP-OTC_M15.csv
2026-07-29 07:00:25,228 | INFO     | [CSVQueue] Successfully processed write for data_base/csv/iq_option\EURGBP-OTC\EURGBP-OTC_M15.csv
2026-07-29 07:00:25,228 | INFO     | [CSVQueue] Queue size: 0
2026-07-29 07:00:27,205 | INFO     | [WS] Subscribed live candles stream for EURUSD (M1, count=100)
2026-07-29 07:00:28,508 | INFO     | [WS] Subscribed live candles stream for EURUSD (M5, count=250)
2026-07-29 07:00:29,769 | INFO     | [WS] Subscribed live candles stream for EURGBP (M1, count=100)
2026-07-29 07:00:30,127 | INFO     | [TIME SYNC] Server time offset: -2.371000051498413 seconds
2026-07-29 07:00:30,127 | INFO     | Time Sync : -2.371s
2026-07-29 07:00:31,049 | INFO     | [WS] Subscribed live candles stream for EURGBP (M5, count=250)
2026-07-29 07:00:32,372 | INFO     | [WS] Subscribed live candles stream for GBPUSD-OTC (M1, count=100)
2026-07-29 07:00:33,670 | INFO     | [WS] Subscribed live candles stream for GBPUSD-OTC (M5, count=250)
2026-07-29 07:00:34,921 | INFO     | [WS] Subscribed live candles stream for EURGBP-OTC (M1, count=100)
2026-07-29 07:00:37,237 | INFO     | [WS] Subscribed live candles stream for EURGBP-OTC (M5, count=250)
2026-07-29 07:00:37,237 | INFO     | เข้าสู่การวิเคราะห์สัญญาณในอีก 24 วินาที  (เริ่ม 07:01:01)
2026-07-29 07:01:01,524 | INFO     | [DataAdapter] Starting update for EURUSD
2026-07-29 07:01:01,524 | INFO     | [DataAdapter] Refreshing M1 data for EURUSD
2026-07-29 07:01:01,524 | INFO     | [DataAdapter] Starting update for EURGBP
2026-07-29 07:01:01,525 | INFO     | [DataAdapter] Refreshing M1 data for EURGBP
2026-07-29 07:01:01,525 | INFO     | [DataAdapter] Starting update for GBPUSD-OTC
2026-07-29 07:01:01,525 | INFO     | [DataAdapter] Refreshing M1 data for GBPUSD-OTC
2026-07-29 07:01:01,525 | INFO     | [DataAdapter] Starting update for EURGBP-OTC
2026-07-29 07:01:01,526 | INFO     | [DataAdapter] Refreshing M1 data for EURGBP-OTC
2026-07-29 07:01:01,817 | INFO     | [IQOPTION] REST fetch succeeded for EURUSD: 3 candles
2026-07-29 07:01:01,939 | INFO     | [CSVQueue] Enqueuing write for data_base/csv/iq_option\EURUSD\EURUSD_M1.csv - Queue size: 0
2026-07-29 07:01:01,955 | INFO     | [DataAdapter] M1 data refresh completed for EURUSD
2026-07-29 07:01:01,970 | INFO     | [CSVQueue] Processing write for data_base/csv/iq_option\EURUSD\EURUSD_M1.csv
2026-07-29 07:01:02,001 | INFO     | [DataAdapter] Refreshing M5 data for EURUSD
2026-07-29 07:01:02,077 | INFO     | [DataAdapter] M5 data refresh completed for EURUSD
2026-07-29 07:01:02,093 | INFO     | [CSVWriter] Writing 99 rows to data_base/csv/iq_option\EURUSD\EURUSD_M1.csv
2026-07-29 07:01:02,093 | INFO     | [DataAdapter] Refreshing M15 data for EURUSD
2026-07-29 07:01:02,112 | INFO     | [IQOPTION] REST fetch succeeded for EURGBP: 3 candles
2026-07-29 07:01:02,124 | INFO     | [DataAdapter] M15 data refresh completed for EURUSD
2026-07-29 07:01:02,309 | INFO     | [CSVQueue] Enqueuing write for data_base/csv/iq_option\EURGBP\EURGBP_M1.csv - Queue size: 0
2026-07-29 07:01:02,339 | INFO     | [DataAdapter] M1 data refresh completed for EURGBP
2026-07-29 07:01:02,340 | INFO     | [DataAdapter] Refreshing M5 data for EURGBP
2026-07-29 07:01:02,340 | INFO     | [DataAdapter] M5 data refresh completed for EURGBP
2026-07-29 07:01:02,340 | INFO     | [DataAdapter] Refreshing M15 data for EURGBP
2026-07-29 07:01:02,355 | INFO     | [DataAdapter] M15 data refresh completed for EURGBP
2026-07-29 07:01:02,495 | INFO     | [IQOPTION] REST fetch succeeded for GBPUSD-OTC: 3 candles
2026-07-29 07:01:02,617 | INFO     | [CSVWriter] Successfully wrote 141 rows to data_base/csv/iq_option\EURUSD\EURUSD_M1.csv
2026-07-29 07:01:02,619 | INFO     | [CSVQueue] Successfully processed write for data_base/csv/iq_option\EURUSD\EURUSD_M1.csv
2026-07-29 07:01:02,632 | INFO     | [CSVQueue] Processing write for data_base/csv/iq_option\EURGBP\EURGBP_M1.csv
2026-07-29 07:01:02,663 | INFO     | [CSVWriter] Writing 99 rows to data_base/csv/iq_option\EURGBP\EURGBP_M1.csv
2026-07-29 07:01:02,663 | INFO     | [CSVQueue] Enqueuing write for data_base/csv/iq_option\GBPUSD-OTC\GBPUSD-OTC_M1.csv - Queue size: 0
2026-07-29 07:01:02,740 | INFO     | [DataAdapter] M1 data refresh completed for GBPUSD-OTC
2026-07-29 07:01:02,755 | INFO     | [DataAdapter] Refreshing M5 data for GBPUSD-OTC
2026-07-29 07:01:02,786 | INFO     | [DataAdapter] M5 data refresh completed for GBPUSD-OTC
2026-07-29 07:01:02,800 | INFO     | [DataAdapter] Refreshing M15 data for GBPUSD-OTC
2026-07-29 07:01:02,801 | INFO     | [DataAdapter] M15 data refresh completed for GBPUSD-OTC
2026-07-29 07:01:02,802 | INFO     | [IQOPTION] REST fetch succeeded for EURGBP-OTC: 3 candles
2026-07-29 07:01:02,826 | INFO     | [CSVQueue] Enqueuing write for data_base/csv/iq_option\EURGBP-OTC\EURGBP-OTC_M1.csv - Queue size: 1
2026-07-29 07:01:02,827 | INFO     | [DataAdapter] M1 data refresh completed for EURGBP-OTC
2026-07-29 07:01:02,828 | INFO     | [DataAdapter] Refreshing M5 data for EURGBP-OTC
2026-07-29 07:01:02,828 | INFO     | [DataAdapter] M5 data refresh completed for EURGBP-OTC
2026-07-29 07:01:02,828 | INFO     | [DataAdapter] Refreshing M15 data for EURGBP-OTC
2026-07-29 07:01:02,832 | INFO     | [DataAdapter] M15 data refresh completed for EURGBP-OTC
2026-07-29 07:01:02,834 | INFO     | [CSVWriter] Successfully wrote 141 rows to data_base/csv/iq_option\EURGBP\EURGBP_M1.csv
2026-07-29 07:01:02,834 | INFO     | [CSVQueue] Successfully processed write for data_base/csv/iq_option\EURGBP\EURGBP_M1.csv
2026-07-29 07:01:02,834 | INFO     | [CSVQueue] Processing write for data_base/csv/iq_option\GBPUSD-OTC\GBPUSD-OTC_M1.csv
2026-07-29 07:01:02,835 | INFO     | [CSVWriter] Writing 99 rows to data_base/csv/iq_option\GBPUSD-OTC\GBPUSD-OTC_M1.csv
2026-07-29 07:01:02,868 | INFO     | [CSVWriter] Successfully wrote 141 rows to data_base/csv/iq_option\GBPUSD-OTC\GBPUSD-OTC_M1.csv
2026-07-29 07:01:02,869 | INFO     | [CSVQueue] Successfully processed write for data_base/csv/iq_option\GBPUSD-OTC\GBPUSD-OTC_M1.csv
2026-07-29 07:01:02,869 | INFO     | [CSVQueue] Processing write for data_base/csv/iq_option\EURGBP-OTC\EURGBP-OTC_M1.csv
2026-07-29 07:01:02,871 | INFO     | [CSVWriter] Writing 99 rows to data_base/csv/iq_option\EURGBP-OTC\EURGBP-OTC_M1.csv
2026-07-29 07:01:02,904 | INFO     | [CSVWriter] Successfully wrote 141 rows to data_base/csv/iq_option\EURGBP-OTC\EURGBP-OTC_M1.csv
2026-07-29 07:01:02,904 | INFO     | [CSVQueue] Successfully processed write for data_base/csv/iq_option\EURGBP-OTC\EURGBP-OTC_M1.csv
2026-07-29 07:01:02,910 | INFO     | [CSVQueue] Queue size: 0
2026-07-29 07:01:03,057 | INFO     | Calendar file for 2026-07-29 not found (Day Rollover). Auto-fetching...
2026-07-29 07:01:06,437 | INFO     | Auto-fetch completed.
2026-07-29 07:01:06,437 | WARNING  | Calendar file E:\BOT_FINALBOT\FINALBOT_Begin\all_filelogs\calendar_logs\calendar_2026-07-29.json not found even after auto-fetch. Using empty events.
2026-07-29 07:01:06,437 | WARNING  | No news events available for symbol EURUSD, defaulting to LOW impact
2026-07-29 07:01:06,598 | WARNING  | No news events available for symbol EURGBP, defaulting to LOW impact
2026-07-29 07:01:06,844 | INFO     | [EURUSD:1.13851][EURGBP:0.85698][GBPUSD-OTC:1.33483][EURGBP-OTC:0.85169] :: TOTAL=$1453.95
2026-07-29 07:01:30,128 | INFO     | [TIME SYNC] Server time offset: -2.7039999961853027 seconds
2026-07-29 07:01:30,128 | INFO     | Time Sync : -2.704s
2026-07-29 07:02:02,085 | INFO     | [DataAdapter] Starting update for EURUSD
2026-07-29 07:02:02,085 | INFO     | [DataAdapter] Refreshing M1 data for EURUSD
2026-07-29 07:02:02,086 | INFO     | [DataAdapter] Starting update for EURGBP
2026-07-29 07:02:02,086 | INFO     | [DataAdapter] Refreshing M1 data for EURGBP
2026-07-29 07:02:02,086 | INFO     | [DataAdapter] Starting update for GBPUSD-OTC
2026-07-29 07:02:02,086 | INFO     | [DataAdapter] Refreshing M1 data for GBPUSD-OTC
2026-07-29 07:02:02,086 | INFO     | [DataAdapter] Starting update for EURGBP-OTC
2026-07-29 07:02:02,086 | INFO     | [DataAdapter] Refreshing M1 data for EURGBP-OTC
2026-07-29 07:02:02,398 | INFO     | [IQOPTION] REST fetch succeeded for EURUSD: 3 candles
2026-07-29 07:02:02,551 | INFO     | [CSVQueue] Enqueuing write for data_base/csv/iq_option\EURUSD\EURUSD_M1.csv - Queue size: 0
2026-07-29 07:02:02,566 | INFO     | [DataAdapter] M1 data refresh completed for EURUSD
2026-07-29 07:02:02,581 | INFO     | [CSVQueue] Processing write for data_base/csv/iq_option\EURUSD\EURUSD_M1.csv
2026-07-29 07:02:02,581 | INFO     | [DataAdapter] Refreshing M5 data for EURUSD
2026-07-29 07:02:02,643 | INFO     | [DataAdapter] M5 data refresh completed for EURUSD
2026-07-29 07:02:02,659 | INFO     | [DataAdapter] Refreshing M15 data for EURUSD
2026-07-29 07:02:02,674 | INFO     | [DataAdapter] M15 data refresh completed for EURUSD
2026-07-29 07:02:02,674 | INFO     | [CSVWriter] Writing 99 rows to data_base/csv/iq_option\EURUSD\EURUSD_M1.csv
2026-07-29 07:02:02,675 | INFO     | [IQOPTION] REST fetch succeeded for EURGBP: 3 candles
2026-07-29 07:02:02,843 | INFO     | [CSVQueue] Enqueuing write for data_base/csv/iq_option\EURGBP\EURGBP_M1.csv - Queue size: 0
2026-07-29 07:02:02,844 | INFO     | [DataAdapter] M1 data refresh completed for EURGBP
2026-07-29 07:02:02,844 | INFO     | [DataAdapter] Refreshing M5 data for EURGBP
2026-07-29 07:02:02,859 | INFO     | [DataAdapter] M5 data refresh completed for EURGBP
2026-07-29 07:02:02,874 | INFO     | [DataAdapter] Refreshing M15 data for EURGBP
2026-07-29 07:02:02,889 | INFO     | [DataAdapter] M15 data refresh completed for EURGBP
2026-07-29 07:02:03,000 | INFO     | [IQOPTION] REST fetch succeeded for GBPUSD-OTC: 3 candles
2026-07-29 07:02:03,011 | WARNING  | [CSVWriter] os.replace failed (attempt 1/5) for data_base/csv/iq_option\EURUSD\EURUSD_M1.csv: [WinError 5] Access is denied: 'data_base/csv/iq_option\\EURUSD\\EURUSD_M1.csv.16760.tmp' -> 'data_base/csv/iq_option\\EURUSD\\EURUSD_M1.csv'. Retrying in 0.10s...
2026-07-29 07:02:03,122 | INFO     | [CSVQueue] Enqueuing write for data_base/csv/iq_option\GBPUSD-OTC\GBPUSD-OTC_M1.csv - Queue size: 1
2026-07-29 07:02:03,122 | INFO     | [DataAdapter] M1 data refresh completed for GBPUSD-OTC
2026-07-29 07:02:03,137 | INFO     | [DataAdapter] Refreshing M5 data for GBPUSD-OTC
2026-07-29 07:02:03,137 | INFO     | [CSVWriter] Successfully wrote 142 rows to data_base/csv/iq_option\EURUSD\EURUSD_M1.csv
2026-07-29 07:02:03,168 | INFO     | [DataAdapter] M5 data refresh completed for GBPUSD-OTC
2026-07-29 07:02:03,183 | INFO     | [CSVQueue] Successfully processed write for data_base/csv/iq_option\EURUSD\EURUSD_M1.csv
2026-07-29 07:02:03,230 | INFO     | [DataAdapter] Refreshing M15 data for GBPUSD-OTC
2026-07-29 07:02:03,276 | INFO     | [CSVQueue] Processing write for data_base/csv/iq_option\EURGBP\EURGBP_M1.csv
2026-07-29 07:02:03,277 | INFO     | [IQOPTION] REST fetch succeeded for EURGBP-OTC: 3 candles
2026-07-29 07:02:03,277 | INFO     | [DataAdapter] M15 data refresh completed for GBPUSD-OTC
2026-07-29 07:02:03,292 | INFO     | [CSVWriter] Writing 99 rows to data_base/csv/iq_option\EURGBP\EURGBP_M1.csv
2026-07-29 07:02:03,295 | INFO     | [CSVQueue] Enqueuing write for data_base/csv/iq_option\EURGBP-OTC\EURGBP-OTC_M1.csv - Queue size: 1
2026-07-29 07:02:03,296 | INFO     | [DataAdapter] M1 data refresh completed for EURGBP-OTC
2026-07-29 07:02:03,296 | INFO     | [DataAdapter] Refreshing M5 data for EURGBP-OTC
2026-07-29 07:02:03,296 | INFO     | [DataAdapter] M5 data refresh completed for EURGBP-OTC
2026-07-29 07:02:03,296 | INFO     | [DataAdapter] Refreshing M15 data for EURGBP-OTC
2026-07-29 07:02:03,296 | INFO     | [DataAdapter] M15 data refresh completed for EURGBP-OTC
2026-07-29 07:02:03,313 | INFO     | [CSVWriter] Successfully wrote 142 rows to data_base/csv/iq_option\EURGBP\EURGBP_M1.csv
2026-07-29 07:02:03,313 | INFO     | [CSVQueue] Successfully processed write for data_base/csv/iq_option\EURGBP\EURGBP_M1.csv
2026-07-29 07:02:03,314 | INFO     | [CSVQueue] Processing write for data_base/csv/iq_option\GBPUSD-OTC\GBPUSD-OTC_M1.csv
2026-07-29 07:02:03,314 | INFO     | [CSVWriter] Writing 99 rows to data_base/csv/iq_option\GBPUSD-OTC\GBPUSD-OTC_M1.csv
2026-07-29 07:02:03,332 | INFO     | [CSVWriter] Successfully wrote 142 rows to data_base/csv/iq_option\GBPUSD-OTC\GBPUSD-OTC_M1.csv
2026-07-29 07:02:03,334 | INFO     | [CSVQueue] Successfully processed write for data_base/csv/iq_option\GBPUSD-OTC\GBPUSD-OTC_M1.csv
2026-07-29 07:02:03,334 | INFO     | [CSVQueue] Processing write for data_base/csv/iq_option\EURGBP-OTC\EURGBP-OTC_M1.csv
2026-07-29 07:02:03,334 | INFO     | [CSVWriter] Writing 99 rows to data_base/csv/iq_option\EURGBP-OTC\EURGBP-OTC_M1.csv
2026-07-29 07:02:03,367 | INFO     | [CSVWriter] Successfully wrote 142 rows to data_base/csv/iq_option\EURGBP-OTC\EURGBP-OTC_M1.csv
2026-07-29 07:02:03,367 | INFO     | [CSVQueue] Successfully processed write for data_base/csv/iq_option\EURGBP-OTC\EURGBP-OTC_M1.csv
2026-07-29 07:02:03,367 | INFO     | [CSVQueue] Queue size: 0
2026-07-29 07:02:03,907 | INFO     | [EURUSD:1.13845][EURGBP:0.85696][GBPUSD-OTC:1.33510][EURGBP-OTC:0.85164] :: TOTAL=$1453.95
2026-07-29 07:02:30,129 | INFO     | [TIME SYNC] Server time offset: -3.0490000247955322 seconds
2026-07-29 07:02:30,129 | INFO     | Time Sync : -3.049s
2026-07-29 07:03:02,149 | INFO     | [DataAdapter] Starting update for EURUSD
2026-07-29 07:03:02,149 | INFO     | [DataAdapter] Refreshing M1 data for EURUSD
2026-07-29 07:03:02,149 | INFO     | [DataAdapter] Starting update for EURGBP
2026-07-29 07:03:02,150 | INFO     | [DataAdapter] Refreshing M1 data for EURGBP
2026-07-29 07:03:02,150 | INFO     | [DataAdapter] Starting update for GBPUSD-OTC
2026-07-29 07:03:02,150 | INFO     | [DataAdapter] Refreshing M1 data for GBPUSD-OTC
2026-07-29 07:03:02,150 | INFO     | [DataAdapter] Starting update for EURGBP-OTC
2026-07-29 07:03:02,150 | INFO     | [DataAdapter] Refreshing M1 data for EURGBP-OTC
2026-07-29 07:03:02,565 | INFO     | [IQOPTION] REST fetch succeeded for EURUSD: 3 candles
2026-07-29 07:03:02,672 | INFO     | [CSVQueue] Enqueuing write for data_base/csv/iq_option\EURUSD\EURUSD_M1.csv - Queue size: 0
2026-07-29 07:03:02,703 | INFO     | [DataAdapter] M1 data refresh completed for EURUSD
2026-07-29 07:03:02,719 | INFO     | [CSVQueue] Processing write for data_base/csv/iq_option\EURUSD\EURUSD_M1.csv
2026-07-29 07:03:02,734 | INFO     | [DataAdapter] Refreshing M5 data for EURUSD
2026-07-29 07:03:02,795 | INFO     | [CSVWriter] Writing 99 rows to data_base/csv/iq_option\EURUSD\EURUSD_M1.csv
2026-07-29 07:03:02,795 | INFO     | [DataAdapter] M5 data refresh completed for EURUSD
2026-07-29 07:03:02,799 | INFO     | [IQOPTION] REST fetch succeeded for EURGBP: 3 candles
2026-07-29 07:03:02,799 | INFO     | [DataAdapter] Refreshing M15 data for EURUSD
2026-07-29 07:03:02,826 | INFO     | [DataAdapter] M15 data refresh completed for EURUSD
2026-07-29 07:03:02,951 | INFO     | [CSVQueue] Enqueuing write for data_base/csv/iq_option\EURGBP\EURGBP_M1.csv - Queue size: 0
2026-07-29 07:03:02,951 | INFO     | [DataAdapter] M1 data refresh completed for EURGBP
2026-07-29 07:03:02,951 | INFO     | [DataAdapter] Refreshing M5 data for EURGBP
2026-07-29 07:03:02,952 | INFO     | [DataAdapter] M5 data refresh completed for EURGBP
2026-07-29 07:03:02,952 | INFO     | [DataAdapter] Refreshing M15 data for EURGBP
2026-07-29 07:03:02,967 | INFO     | [DataAdapter] M15 data refresh completed for EURGBP
2026-07-29 07:03:03,044 | INFO     | [IQOPTION] REST fetch succeeded for GBPUSD-OTC: 3 candles
2026-07-29 07:03:03,136 | WARNING  | [CSVWriter] os.replace failed (attempt 1/5) for data_base/csv/iq_option\EURUSD\EURUSD_M1.csv: [WinError 5] Access is denied: 'data_base/csv/iq_option\\EURUSD\\EURUSD_M1.csv.16760.tmp' -> 'data_base/csv/iq_option\\EURUSD\\EURUSD_M1.csv'. Retrying in 0.10s...
2026-07-29 07:03:03,197 | INFO     | [CSVQueue] Enqueuing write for data_base/csv/iq_option\GBPUSD-OTC\GBPUSD-OTC_M1.csv - Queue size: 1
2026-07-29 07:03:03,213 | INFO     | [DataAdapter] M1 data refresh completed for GBPUSD-OTC
2026-07-29 07:03:03,228 | INFO     | [DataAdapter] Refreshing M5 data for GBPUSD-OTC
2026-07-29 07:03:03,229 | INFO     | [DataAdapter] M5 data refresh completed for GBPUSD-OTC
2026-07-29 07:03:03,243 | INFO     | [DataAdapter] Refreshing M15 data for GBPUSD-OTC
2026-07-29 07:03:03,259 | INFO     | [DataAdapter] M15 data refresh completed for GBPUSD-OTC
2026-07-29 07:03:03,290 | INFO     | [CSVWriter] Successfully wrote 142 rows to data_base/csv/iq_option\EURUSD\EURUSD_M1.csv
2026-07-29 07:03:03,290 | INFO     | [CSVQueue] Successfully processed write for data_base/csv/iq_option\EURUSD\EURUSD_M1.csv
2026-07-29 07:03:03,291 | INFO     | [CSVQueue] Processing write for data_base/csv/iq_option\EURGBP\EURGBP_M1.csv
2026-07-29 07:03:03,291 | INFO     | [IQOPTION] REST fetch succeeded for EURGBP-OTC: 3 candles
2026-07-29 07:03:03,309 | INFO     | [CSVWriter] Writing 99 rows to data_base/csv/iq_option\EURGBP\EURGBP_M1.csv
2026-07-29 07:03:03,311 | INFO     | [CSVQueue] Enqueuing write for data_base/csv/iq_option\EURGBP-OTC\EURGBP-OTC_M1.csv - Queue size: 1
2026-07-29 07:03:03,311 | INFO     | [DataAdapter] M1 data refresh completed for EURGBP-OTC
2026-07-29 07:03:03,312 | INFO     | [DataAdapter] Refreshing M5 data for EURGBP-OTC
2026-07-29 07:03:03,312 | INFO     | [DataAdapter] M5 data refresh completed for EURGBP-OTC
2026-07-29 07:03:03,312 | INFO     | [DataAdapter] Refreshing M15 data for EURGBP-OTC
2026-07-29 07:03:03,312 | INFO     | [DataAdapter] M15 data refresh completed for EURGBP-OTC
2026-07-29 07:03:03,319 | INFO     | [CSVWriter] Successfully wrote 142 rows to data_base/csv/iq_option\EURGBP\EURGBP_M1.csv
2026-07-29 07:03:03,320 | INFO     | [CSVQueue] Successfully processed write for data_base/csv/iq_option\EURGBP\EURGBP_M1.csv
2026-07-29 07:03:03,320 | INFO     | [CSVQueue] Processing write for data_base/csv/iq_option\GBPUSD-OTC\GBPUSD-OTC_M1.csv
2026-07-29 07:03:03,320 | INFO     | [CSVWriter] Writing 99 rows to data_base/csv/iq_option\GBPUSD-OTC\GBPUSD-OTC_M1.csv
2026-07-29 07:03:03,336 | INFO     | [CSVWriter] Successfully wrote 142 rows to data_base/csv/iq_option\GBPUSD-OTC\GBPUSD-OTC_M1.csv
2026-07-29 07:03:03,336 | INFO     | [CSVQueue] Successfully processed write for data_base/csv/iq_option\GBPUSD-OTC\GBPUSD-OTC_M1.csv
2026-07-29 07:03:03,336 | INFO     | [CSVQueue] Processing write for data_base/csv/iq_option\EURGBP-OTC\EURGBP-OTC_M1.csv
2026-07-29 07:03:03,337 | INFO     | [CSVWriter] Writing 99 rows to data_base/csv/iq_option\EURGBP-OTC\EURGBP-OTC_M1.csv
2026-07-29 07:03:03,351 | INFO     | [CSVWriter] Successfully wrote 142 rows to data_base/csv/iq_option\EURGBP-OTC\EURGBP-OTC_M1.csv
2026-07-29 07:03:03,352 | INFO     | [CSVQueue] Successfully processed write for data_base/csv/iq_option\EURGBP-OTC\EURGBP-OTC_M1.csv
2026-07-29 07:03:03,352 | INFO     | [CSVQueue] Queue size: 0
2026-07-29 07:03:03,756 | INFO     | [EURUSD:1.13845][EURGBP:0.85696][GBPUSD-OTC:1.33513][EURGBP-OTC:0.85164] :: TOTAL=$1453.95
2026-07-29 07:03:30,130 | INFO     | [TIME SYNC] Server time offset: -2.378999948501587 seconds
2026-07-29 07:03:30,131 | INFO     | Time Sync : -2.379s
2026-07-29 07:04:02,018 | INFO     | [DataAdapter] Starting update for EURUSD
2026-07-29 07:04:02,019 | INFO     | [DataAdapter] Refreshing M1 data for EURUSD
2026-07-29 07:04:02,019 | INFO     | [DataAdapter] Starting update for EURGBP
2026-07-29 07:04:02,019 | INFO     | [DataAdapter] Refreshing M1 data for EURGBP
2026-07-29 07:04:02,019 | INFO     | [DataAdapter] Starting update for GBPUSD-OTC
2026-07-29 07:04:02,019 | INFO     | [DataAdapter] Refreshing M1 data for GBPUSD-OTC
2026-07-29 07:04:02,020 | INFO     | [DataAdapter] Starting update for EURGBP-OTC
2026-07-29 07:04:02,020 | INFO     | [DataAdapter] Refreshing M1 data for EURGBP-OTC
2026-07-29 07:04:02,297 | INFO     | [IQOPTION] REST fetch succeeded for EURUSD: 3 candles
2026-07-29 07:04:02,360 | INFO     | [CSVQueue] Enqueuing write for data_base/csv/iq_option\EURUSD\EURUSD_M1.csv - Queue size: 0
2026-07-29 07:04:02,375 | INFO     | [DataAdapter] M1 data refresh completed for EURUSD
2026-07-29 07:04:02,391 | INFO     | [DataAdapter] Refreshing M5 data for EURUSD
2026-07-29 07:04:02,391 | INFO     | [CSVQueue] Processing write for data_base/csv/iq_option\EURUSD\EURUSD_M1.csv
2026-07-29 07:04:02,422 | INFO     | [DataAdapter] M5 data refresh completed for EURUSD
2026-07-29 07:04:02,470 | INFO     | [DataAdapter] Refreshing M15 data for EURUSD
2026-07-29 07:04:02,486 | INFO     | [DataAdapter] M15 data refresh completed for EURUSD
2026-07-29 07:04:02,486 | INFO     | [CSVWriter] Writing 99 rows to data_base/csv/iq_option\EURUSD\EURUSD_M1.csv
2026-07-29 07:04:02,533 | INFO     | [IQOPTION] REST fetch succeeded for EURGBP: 3 candles
2026-07-29 07:04:02,764 | INFO     | [CSVQueue] Enqueuing write for data_base/csv/iq_option\EURGBP\EURGBP_M1.csv - Queue size: 0
2026-07-29 07:04:02,796 | INFO     | [DataAdapter] M1 data refresh completed for EURGBP
2026-07-29 07:04:02,813 | INFO     | [DataAdapter] Refreshing M5 data for EURGBP
2026-07-29 07:04:02,814 | INFO     | [DataAdapter] M5 data refresh completed for EURGBP
2026-07-29 07:04:02,814 | INFO     | [DataAdapter] Refreshing M15 data for EURGBP
2026-07-29 07:04:02,814 | INFO     | [IQOPTION] REST fetch succeeded for GBPUSD-OTC: 3 candles
2026-07-29 07:04:02,814 | INFO     | [DataAdapter] M15 data refresh completed for EURGBP
2026-07-29 07:04:02,889 | INFO     | [CSVWriter] Successfully wrote 143 rows to data_base/csv/iq_option\EURUSD\EURUSD_M1.csv
2026-07-29 07:04:02,889 | INFO     | [CSVQueue] Successfully processed write for data_base/csv/iq_option\EURUSD\EURUSD_M1.csv
2026-07-29 07:04:02,905 | INFO     | [CSVQueue] Processing write for data_base/csv/iq_option\EURGBP\EURGBP_M1.csv
2026-07-29 07:04:02,936 | INFO     | [CSVQueue] Enqueuing write for data_base/csv/iq_option\GBPUSD-OTC\GBPUSD-OTC_M1.csv - Queue size: 0
2026-07-29 07:04:02,952 | INFO     | [DataAdapter] M1 data refresh completed for GBPUSD-OTC
2026-07-29 07:04:02,967 | INFO     | [CSVWriter] Writing 99 rows to data_base/csv/iq_option\EURGBP\EURGBP_M1.csv
2026-07-29 07:04:02,967 | INFO     | [DataAdapter] Refreshing M5 data for GBPUSD-OTC
2026-07-29 07:04:03,017 | INFO     | [DataAdapter] M5 data refresh completed for GBPUSD-OTC
2026-07-29 07:04:03,030 | INFO     | [DataAdapter] Refreshing M15 data for GBPUSD-OTC
2026-07-29 07:04:03,046 | INFO     | [DataAdapter] M15 data refresh completed for GBPUSD-OTC
2026-07-29 07:04:03,046 | INFO     | [IQOPTION] REST fetch succeeded for EURGBP-OTC: 3 candles
2026-07-29 07:04:03,059 | INFO     | [CSVQueue] Enqueuing write for data_base/csv/iq_option\EURGBP-OTC\EURGBP-OTC_M1.csv - Queue size: 1
2026-07-29 07:04:03,063 | INFO     | [DataAdapter] M1 data refresh completed for EURGBP-OTC
2026-07-29 07:04:03,063 | INFO     | [DataAdapter] Refreshing M5 data for EURGBP-OTC
2026-07-29 07:04:03,064 | INFO     | [DataAdapter] M5 data refresh completed for EURGBP-OTC
2026-07-29 07:04:03,064 | INFO     | [DataAdapter] Refreshing M15 data for EURGBP-OTC
2026-07-29 07:04:03,066 | INFO     | [DataAdapter] M15 data refresh completed for EURGBP-OTC
2026-07-29 07:04:03,068 | INFO     | [CSVWriter] Successfully wrote 143 rows to data_base/csv/iq_option\EURGBP\EURGBP_M1.csv
2026-07-29 07:04:03,068 | INFO     | [CSVQueue] Successfully processed write for data_base/csv/iq_option\EURGBP\EURGBP_M1.csv
2026-07-29 07:04:03,068 | INFO     | [CSVQueue] Processing write for data_base/csv/iq_option\GBPUSD-OTC\GBPUSD-OTC_M1.csv
2026-07-29 07:04:03,069 | INFO     | [CSVWriter] Writing 99 rows to data_base/csv/iq_option\GBPUSD-OTC\GBPUSD-OTC_M1.csv
2026-07-29 07:04:03,082 | INFO     | [CSVWriter] Successfully wrote 143 rows to data_base/csv/iq_option\GBPUSD-OTC\GBPUSD-OTC_M1.csv
2026-07-29 07:04:03,082 | INFO     | [CSVQueue] Successfully processed write for data_base/csv/iq_option\GBPUSD-OTC\GBPUSD-OTC_M1.csv
2026-07-29 07:04:03,084 | INFO     | [CSVQueue] Processing write for data_base/csv/iq_option\EURGBP-OTC\EURGBP-OTC_M1.csv
2026-07-29 07:04:03,084 | INFO     | [CSVWriter] Writing 99 rows to data_base/csv/iq_option\EURGBP-OTC\EURGBP-OTC_M1.csv
2026-07-29 07:04:03,104 | INFO     | [CSVWriter] Successfully wrote 143 rows to data_base/csv/iq_option\EURGBP-OTC\EURGBP-OTC_M1.csv
2026-07-29 07:04:03,105 | INFO     | [CSVQueue] Successfully processed write for data_base/csv/iq_option\EURGBP-OTC\EURGBP-OTC_M1.csv
2026-07-29 07:04:03,105 | INFO     | [CSVQueue] Queue size: 0
2026-07-29 07:04:03,572 | INFO     | [EURUSD:1.13855][EURGBP:0.85691][GBPUSD-OTC:1.33448][EURGBP-OTC:0.85164] :: TOTAL=$1453.95
2026-07-29 07:04:30,132 | INFO     | [TIME SYNC] Server time offset: -2.691999912261963 seconds
2026-07-29 07:04:30,132 | INFO     | Time Sync : -2.692s
2026-07-29 07:05:01,836 | INFO     | [DataAdapter] Starting update for EURUSD
2026-07-29 07:05:01,837 | INFO     | [DataAdapter] Refreshing M1 data for EURUSD
2026-07-29 07:05:01,837 | INFO     | [DataAdapter] Starting update for EURGBP
2026-07-29 07:05:01,837 | INFO     | [DataAdapter] Refreshing M1 data for EURGBP
2026-07-29 07:05:01,837 | INFO     | [DataAdapter] Starting update for GBPUSD-OTC
2026-07-29 07:05:01,837 | INFO     | [DataAdapter] Refreshing M1 data for GBPUSD-OTC
2026-07-29 07:05:01,838 | INFO     | [DataAdapter] Starting update for EURGBP-OTC
2026-07-29 07:05:01,838 | INFO     | [DataAdapter] Refreshing M1 data for EURGBP-OTC
2026-07-29 07:05:02,131 | INFO     | [IQOPTION] REST fetch succeeded for EURUSD: 3 candles
2026-07-29 07:05:02,237 | INFO     | [CSVQueue] Enqueuing write for data_base/csv/iq_option\EURUSD\EURUSD_M1.csv - Queue size: 0
2026-07-29 07:05:02,238 | INFO     | [DataAdapter] M1 data refresh completed for EURUSD
2026-07-29 07:05:02,253 | INFO     | [DataAdapter] Refreshing M5 data for EURUSD
2026-07-29 07:05:02,253 | INFO     | [DataAdapter] M5 data refresh completed for EURUSD
2026-07-29 07:05:02,283 | INFO     | [CSVQueue] Processing write for data_base/csv/iq_option\EURUSD\EURUSD_M1.csv
2026-07-29 07:05:02,283 | INFO     | [DataAdapter] Refreshing M15 data for EURUSD
2026-07-29 07:05:02,359 | INFO     | [CSVWriter] Writing 99 rows to data_base/csv/iq_option\EURUSD\EURUSD_M1.csv
2026-07-29 07:05:02,390 | INFO     | [DataAdapter] M15 data refresh completed for EURUSD
2026-07-29 07:05:02,530 | INFO     | [IQOPTION] REST fetch succeeded for EURGBP: 3 candles
2026-07-29 07:05:02,637 | INFO     | [CSVQueue] Enqueuing write for data_base/csv/iq_option\EURGBP\EURGBP_M1.csv - Queue size: 0
2026-07-29 07:05:02,638 | INFO     | [DataAdapter] M1 data refresh completed for EURGBP
2026-07-29 07:05:02,653 | INFO     | [DataAdapter] Refreshing M5 data for EURGBP
2026-07-29 07:05:02,668 | INFO     | [DataAdapter] M5 data refresh completed for EURGBP
2026-07-29 07:05:02,684 | INFO     | [CSVWriter] Successfully wrote 144 rows to data_base/csv/iq_option\EURUSD\EURUSD_M1.csv
2026-07-29 07:05:02,715 | INFO     | [DataAdapter] Refreshing M15 data for EURGBP
2026-07-29 07:05:02,762 | INFO     | [CSVQueue] Successfully processed write for data_base/csv/iq_option\EURUSD\EURUSD_M1.csv
2026-07-29 07:05:02,794 | INFO     | [DataAdapter] M15 data refresh completed for EURGBP
2026-07-29 07:05:02,809 | INFO     | [CSVQueue] Processing write for data_base/csv/iq_option\EURGBP\EURGBP_M1.csv
2026-07-29 07:05:02,840 | INFO     | [IQOPTION] REST fetch succeeded for GBPUSD-OTC: 3 candles
2026-07-29 07:05:02,909 | INFO     | [CSVWriter] Writing 99 rows to data_base/csv/iq_option\EURGBP\EURGBP_M1.csv
2026-07-29 07:05:03,025 | INFO     | [CSVQueue] Enqueuing write for data_base/csv/iq_option\GBPUSD-OTC\GBPUSD-OTC_M1.csv - Queue size: 0
2026-07-29 07:05:03,040 | INFO     | [DataAdapter] M1 data refresh completed for GBPUSD-OTC
2026-07-29 07:05:03,041 | INFO     | [DataAdapter] Refreshing M5 data for GBPUSD-OTC
2026-07-29 07:05:03,056 | INFO     | [DataAdapter] M5 data refresh completed for GBPUSD-OTC
2026-07-29 07:05:03,057 | INFO     | [DataAdapter] Refreshing M15 data for GBPUSD-OTC
2026-07-29 07:05:03,071 | INFO     | [DataAdapter] M15 data refresh completed for GBPUSD-OTC
2026-07-29 07:05:03,104 | INFO     | [IQOPTION] REST fetch succeeded for EURGBP-OTC: 3 candles
2026-07-29 07:05:03,118 | INFO     | [CSVQueue] Enqueuing write for data_base/csv/iq_option\EURGBP-OTC\EURGBP-OTC_M1.csv - Queue size: 1
2026-07-29 07:05:03,119 | INFO     | [DataAdapter] M1 data refresh completed for EURGBP-OTC
2026-07-29 07:05:03,119 | INFO     | [CSVWriter] Successfully wrote 144 rows to data_base/csv/iq_option\EURGBP\EURGBP_M1.csv
2026-07-29 07:05:03,119 | INFO     | [DataAdapter] Refreshing M5 data for EURGBP-OTC
2026-07-29 07:05:03,119 | INFO     | [CSVQueue] Successfully processed write for data_base/csv/iq_option\EURGBP\EURGBP_M1.csv
2026-07-29 07:05:03,120 | INFO     | [DataAdapter] M5 data refresh completed for EURGBP-OTC
2026-07-29 07:05:03,120 | INFO     | [CSVQueue] Processing write for data_base/csv/iq_option\GBPUSD-OTC\GBPUSD-OTC_M1.csv
2026-07-29 07:05:03,120 | INFO     | [DataAdapter] Refreshing M15 data for EURGBP-OTC
2026-07-29 07:05:03,121 | INFO     | [DataAdapter] M15 data refresh completed for EURGBP-OTC
2026-07-29 07:05:03,122 | INFO     | [CSVWriter] Writing 99 rows to data_base/csv/iq_option\GBPUSD-OTC\GBPUSD-OTC_M1.csv
2026-07-29 07:05:03,130 | INFO     | [CSVWriter] Successfully wrote 144 rows to data_base/csv/iq_option\GBPUSD-OTC\GBPUSD-OTC_M1.csv
2026-07-29 07:05:03,130 | INFO     | [CSVQueue] Successfully processed write for data_base/csv/iq_option\GBPUSD-OTC\GBPUSD-OTC_M1.csv
2026-07-29 07:05:03,130 | INFO     | [CSVQueue] Processing write for data_base/csv/iq_option\EURGBP-OTC\EURGBP-OTC_M1.csv
2026-07-29 07:05:03,131 | INFO     | [CSVWriter] Writing 99 rows to data_base/csv/iq_option\EURGBP-OTC\EURGBP-OTC_M1.csv
2026-07-29 07:05:03,141 | INFO     | [CSVWriter] Successfully wrote 144 rows to data_base/csv/iq_option\EURGBP-OTC\EURGBP-OTC_M1.csv
2026-07-29 07:05:03,141 | INFO     | [CSVQueue] Successfully processed write for data_base/csv/iq_option\EURGBP-OTC\EURGBP-OTC_M1.csv
2026-07-29 07:05:03,141 | INFO     | [CSVQueue] Queue size: 0
2026-07-29 07:05:03,558 | INFO     | [EURUSD:1.13861][EURGBP:0.85689][GBPUSD-OTC:1.33486][EURGBP-OTC:0.85144] :: TOTAL=$1453.95
2026-07-29 07:05:30,133 | INFO     | [TIME SYNC] Server time offset: -2.9839999675750732 seconds
2026-07-29 07:05:30,133 | INFO     | Time Sync : -2.984s
2026-07-29 07:06:01,820 | INFO     | [DataAdapter] Starting update for EURUSD
2026-07-29 07:06:01,820 | INFO     | [DataAdapter] Refreshing M1 data for EURUSD
2026-07-29 07:06:01,820 | INFO     | [DataAdapter] Starting update for EURGBP
2026-07-29 07:06:01,821 | INFO     | [DataAdapter] Refreshing M1 data for EURGBP
2026-07-29 07:06:01,821 | INFO     | [DataAdapter] Starting update for GBPUSD-OTC
2026-07-29 07:06:01,821 | INFO     | [DataAdapter] Refreshing M1 data for GBPUSD-OTC
2026-07-29 07:06:01,821 | INFO     | [DataAdapter] Starting update for EURGBP-OTC
2026-07-29 07:06:01,821 | INFO     | [DataAdapter] Refreshing M1 data for EURGBP-OTC
2026-07-29 07:06:02,055 | INFO     | [IQOPTION] REST fetch succeeded for EURUSD: 3 candles
2026-07-29 07:06:02,150 | INFO     | [CSVQueue] Enqueuing write for data_base/csv/iq_option\EURUSD\EURUSD_M1.csv - Queue size: 0
2026-07-29 07:06:02,166 | INFO     | [DataAdapter] M1 data refresh completed for EURUSD
2026-07-29 07:06:02,182 | INFO     | [CSVQueue] Processing write for data_base/csv/iq_option\EURUSD\EURUSD_M1.csv
2026-07-29 07:06:02,182 | INFO     | [DataAdapter] Refreshing M5 data for EURUSD
2026-07-29 07:06:02,260 | INFO     | [CSVWriter] Writing 99 rows to data_base/csv/iq_option\EURUSD\EURUSD_M1.csv
2026-07-29 07:06:02,308 | INFO     | [IQOPTION] REST fetch succeeded for EURGBP: 3 candles
2026-07-29 07:06:02,417 | INFO     | [CSVQueue] Enqueuing write for data_base/csv/iq_option\EURGBP\EURGBP_M1.csv - Queue size: 0
2026-07-29 07:06:02,464 | INFO     | [DataAdapter] M1 data refresh completed for EURGBP
2026-07-29 07:06:02,495 | INFO     | [DataAdapter] Refreshing M5 data for EURGBP
2026-07-29 07:06:02,526 | INFO     | [IQOPTION] REST fetch succeeded for GBPUSD-OTC: 3 candles
2026-07-29 07:06:02,650 | INFO     | [CSVWriter] Successfully wrote 146 rows to data_base/csv/iq_option\EURUSD\EURUSD_M1.csv
2026-07-29 07:06:02,650 | INFO     | [CSVQueue] Successfully processed write for data_base/csv/iq_option\EURUSD\EURUSD_M1.csv
2026-07-29 07:06:02,666 | INFO     | [CSVQueue] Processing write for data_base/csv/iq_option\EURGBP\EURGBP_M1.csv
2026-07-29 07:06:02,682 | INFO     | [CSVQueue] Enqueuing write for data_base/csv/iq_option\GBPUSD-OTC\GBPUSD-OTC_M1.csv - Queue size: 0
2026-07-29 07:06:02,729 | INFO     | [CSVWriter] Writing 99 rows to data_base/csv/iq_option\EURGBP\EURGBP_M1.csv
2026-07-29 07:06:02,791 | INFO     | [DataAdapter] M1 data refresh completed for GBPUSD-OTC
2026-07-29 07:06:02,791 | INFO     | [IQOPTION] REST fetch succeeded for EURGBP-OTC: 3 candles
2026-07-29 07:06:02,822 | INFO     | [DataAdapter] Refreshing M5 data for GBPUSD-OTC
2026-07-29 07:06:03,040 | INFO     | [CSVQueue] Enqueuing write for data_base/csv/iq_option\EURGBP-OTC\EURGBP-OTC_M1.csv - Queue size: 1
2026-07-29 07:06:03,056 | INFO     | [DataAdapter] M1 data refresh completed for EURGBP-OTC
2026-07-29 07:06:03,057 | INFO     | [DataAdapter] Refreshing M5 data for EURGBP-OTC
2026-07-29 07:06:03,058 | INFO     | [IQOPTION] REST fetch succeeded for EURUSD: 3 candles
2026-07-29 07:06:03,133 | INFO     | [CSVWriter] Successfully wrote 146 rows to data_base/csv/iq_option\EURGBP\EURGBP_M1.csv
2026-07-29 07:06:03,133 | INFO     | [CSVQueue] Successfully processed write for data_base/csv/iq_option\EURGBP\EURGBP_M1.csv
2026-07-29 07:06:03,164 | INFO     | [CSVQueue] Processing write for data_base/csv/iq_option\GBPUSD-OTC\GBPUSD-OTC_M1.csv
2026-07-29 07:06:03,211 | INFO     | [CSVWriter] Writing 99 rows to data_base/csv/iq_option\GBPUSD-OTC\GBPUSD-OTC_M1.csv
2026-07-29 07:06:03,257 | INFO     | [CSVQueue] Enqueuing write for data_base/csv/iq_option\EURUSD\EURUSD_M5.csv - Queue size: 1
2026-07-29 07:06:03,273 | INFO     | [DataAdapter] M5 data refresh completed for EURUSD
2026-07-29 07:06:03,288 | INFO     | [DataAdapter] Refreshing M15 data for EURUSD
2026-07-29 07:06:03,322 | INFO     | [DataAdapter] M15 data refresh completed for EURUSD
2026-07-29 07:06:03,337 | INFO     | [IQOPTION] REST fetch succeeded for EURGBP: 3 candles
2026-07-29 07:06:03,573 | INFO     | [CSVQueue] Enqueuing write for data_base/csv/iq_option\EURGBP\EURGBP_M5.csv - Queue size: 2
2026-07-29 07:06:03,573 | INFO     | [DataAdapter] M5 data refresh completed for EURGBP
2026-07-29 07:06:03,573 | INFO     | [DataAdapter] Refreshing M15 data for EURGBP
2026-07-29 07:06:03,602 | INFO     | [DataAdapter] M15 data refresh completed for EURGBP
2026-07-29 07:06:03,619 | INFO     | [CSVWriter] Successfully wrote 146 rows to data_base/csv/iq_option\GBPUSD-OTC\GBPUSD-OTC_M1.csv
2026-07-29 07:06:03,619 | INFO     | [IQOPTION] REST fetch succeeded for GBPUSD-OTC: 3 candles
2026-07-29 07:06:03,633 | INFO     | [CSVQueue] Successfully processed write for data_base/csv/iq_option\GBPUSD-OTC\GBPUSD-OTC_M1.csv
2026-07-29 07:06:03,695 | INFO     | [CSVQueue] Processing write for data_base/csv/iq_option\EURGBP-OTC\EURGBP-OTC_M1.csv
2026-07-29 07:06:03,742 | INFO     | [CSVWriter] Writing 99 rows to data_base/csv/iq_option\EURGBP-OTC\EURGBP-OTC_M1.csv
2026-07-29 07:06:03,821 | INFO     | [CSVQueue] Enqueuing write for data_base/csv/iq_option\GBPUSD-OTC\GBPUSD-OTC_M5.csv - Queue size: 2
2026-07-29 07:06:03,852 | INFO     | [DataAdapter] M5 data refresh completed for GBPUSD-OTC
2026-07-29 07:06:03,868 | INFO     | [DataAdapter] Refreshing M15 data for GBPUSD-OTC
2026-07-29 07:06:03,898 | INFO     | [DataAdapter] M15 data refresh completed for GBPUSD-OTC
2026-07-29 07:06:03,915 | INFO     | [IQOPTION] REST fetch succeeded for EURGBP-OTC: 3 candles
2026-07-29 07:06:03,930 | INFO     | [CSVQueue] Enqueuing write for data_base/csv/iq_option\EURGBP-OTC\EURGBP-OTC_M5.csv - Queue size: 3
2026-07-29 07:06:03,930 | INFO     | [DataAdapter] M5 data refresh completed for EURGBP-OTC
2026-07-29 07:06:03,930 | INFO     | [DataAdapter] Refreshing M15 data for EURGBP-OTC
2026-07-29 07:06:03,931 | INFO     | [DataAdapter] M15 data refresh completed for EURGBP-OTC
2026-07-29 07:06:03,932 | INFO     | [CSVWriter] Successfully wrote 146 rows to data_base/csv/iq_option\EURGBP-OTC\EURGBP-OTC_M1.csv
2026-07-29 07:06:03,932 | INFO     | [CSVQueue] Successfully processed write for data_base/csv/iq_option\EURGBP-OTC\EURGBP-OTC_M1.csv
2026-07-29 07:06:03,932 | INFO     | [CSVQueue] Processing write for data_base/csv/iq_option\EURUSD\EURUSD_M5.csv
2026-07-29 07:06:03,933 | INFO     | [CSVWriter] Writing 249 rows to data_base/csv/iq_option\EURUSD\EURUSD_M5.csv
2026-07-29 07:06:03,945 | INFO     | [CSVWriter] Successfully wrote 259 rows to data_base/csv/iq_option\EURUSD\EURUSD_M5.csv
2026-07-29 07:06:03,946 | INFO     | [CSVQueue] Successfully processed write for data_base/csv/iq_option\EURUSD\EURUSD_M5.csv
2026-07-29 07:06:03,946 | INFO     | [CSVQueue] Processing write for data_base/csv/iq_option\EURGBP\EURGBP_M5.csv
2026-07-29 07:06:03,946 | INFO     | [CSVWriter] Writing 249 rows to data_base/csv/iq_option\EURGBP\EURGBP_M5.csv
2026-07-29 07:06:03,969 | INFO     | [CSVWriter] Successfully wrote 259 rows to data_base/csv/iq_option\EURGBP\EURGBP_M5.csv
2026-07-29 07:06:03,969 | INFO     | [CSVQueue] Successfully processed write for data_base/csv/iq_option\EURGBP\EURGBP_M5.csv
2026-07-29 07:06:03,969 | INFO     | [CSVQueue] Processing write for data_base/csv/iq_option\GBPUSD-OTC\GBPUSD-OTC_M5.csv
2026-07-29 07:06:03,970 | INFO     | [CSVWriter] Writing 249 rows to data_base/csv/iq_option\GBPUSD-OTC\GBPUSD-OTC_M5.csv
2026-07-29 07:06:04,073 | INFO     | [CSVWriter] Successfully wrote 259 rows to data_base/csv/iq_option\GBPUSD-OTC\GBPUSD-OTC_M5.csv
2026-07-29 07:06:04,073 | INFO     | [CSVQueue] Successfully processed write for data_base/csv/iq_option\GBPUSD-OTC\GBPUSD-OTC_M5.csv
2026-07-29 07:06:04,073 | INFO     | [CSVQueue] Processing write for data_base/csv/iq_option\EURGBP-OTC\EURGBP-OTC_M5.csv
2026-07-29 07:06:04,074 | INFO     | [CSVWriter] Writing 249 rows to data_base/csv/iq_option\EURGBP-OTC\EURGBP-OTC_M5.csv
2026-07-29 07:06:04,105 | INFO     | [CSVWriter] Successfully wrote 259 rows to data_base/csv/iq_option\EURGBP-OTC\EURGBP-OTC_M5.csv
2026-07-29 07:06:04,106 | INFO     | [CSVQueue] Successfully processed write for data_base/csv/iq_option\EURGBP-OTC\EURGBP-OTC_M5.csv
2026-07-29 07:06:04,106 | INFO     | [CSVQueue] Queue size: 0
2026-07-29 07:06:04,506 | INFO     | [EURUSD:1.13860][EURGBP:0.85688][GBPUSD-OTC:1.33465][EURGBP-OTC:0.85177] :: TOTAL=$1453.95
2026-07-29 07:06:30,133 | INFO     | [TIME SYNC] Server time offset: -2.312999963760376 seconds
2026-07-29 07:06:30,134 | INFO     | Time Sync : -2.313s
2026-07-29 07:07:01,795 | INFO     | [DataAdapter] Starting update for EURUSD
2026-07-29 07:07:01,795 | INFO     | [DataAdapter] Refreshing M1 data for EURUSD
2026-07-29 07:07:01,795 | INFO     | [DataAdapter] Starting update for EURGBP
2026-07-29 07:07:01,795 | INFO     | [DataAdapter] Refreshing M1 data for EURGBP
2026-07-29 07:07:01,796 | INFO     | [DataAdapter] Starting update for GBPUSD-OTC
2026-07-29 07:07:01,796 | INFO     | [DataAdapter] Refreshing M1 data for GBPUSD-OTC
2026-07-29 07:07:01,796 | INFO     | [DataAdapter] Starting update for EURGBP-OTC
2026-07-29 07:07:01,796 | INFO     | [DataAdapter] Refreshing M1 data for EURGBP-OTC
2026-07-29 07:07:02,046 | INFO     | [IQOPTION] REST fetch succeeded for EURUSD: 3 candles
2026-07-29 07:07:02,140 | INFO     | [CSVQueue] Enqueuing write for data_base/csv/iq_option\EURUSD\EURUSD_M1.csv - Queue size: 0
2026-07-29 07:07:02,156 | INFO     | [DataAdapter] M1 data refresh completed for EURUSD
2026-07-29 07:07:02,172 | INFO     | [CSVQueue] Processing write for data_base/csv/iq_option\EURUSD\EURUSD_M1.csv
2026-07-29 07:07:02,203 | INFO     | [DataAdapter] Refreshing M5 data for EURUSD
2026-07-29 07:07:02,281 | INFO     | [DataAdapter] M5 data refresh completed for EURUSD
2026-07-29 07:07:02,281 | INFO     | [DataAdapter] Refreshing M15 data for EURUSD
2026-07-29 07:07:02,297 | INFO     | [DataAdapter] M15 data refresh completed for EURUSD
2026-07-29 07:07:02,313 | INFO     | [CSVWriter] Writing 99 rows to data_base/csv/iq_option\EURUSD\EURUSD_M1.csv
2026-07-29 07:07:02,407 | INFO     | [IQOPTION] REST fetch succeeded for EURGBP: 3 candles
2026-07-29 07:07:02,593 | INFO     | [CSVQueue] Enqueuing write for data_base/csv/iq_option\EURGBP\EURGBP_M1.csv - Queue size: 0
2026-07-29 07:07:02,623 | INFO     | [DataAdapter] M1 data refresh completed for EURGBP
2026-07-29 07:07:02,639 | INFO     | [DataAdapter] Refreshing M5 data for EURGBP
2026-07-29 07:07:02,656 | INFO     | [DataAdapter] M5 data refresh completed for EURGBP
2026-07-29 07:07:02,656 | INFO     | [DataAdapter] Refreshing M15 data for EURGBP
2026-07-29 07:07:02,658 | INFO     | [DataAdapter] M15 data refresh completed for EURGBP
2026-07-29 07:07:02,658 | INFO     | [IQOPTION] REST fetch succeeded for GBPUSD-OTC: 3 candles
2026-07-29 07:07:02,707 | INFO     | [CSVWriter] Successfully wrote 146 rows to data_base/csv/iq_option\EURUSD\EURUSD_M1.csv
2026-07-29 07:07:02,711 | INFO     | [CSVQueue] Successfully processed write for data_base/csv/iq_option\EURUSD\EURUSD_M1.csv
2026-07-29 07:07:02,733 | INFO     | [CSVQueue] Processing write for data_base/csv/iq_option\EURGBP\EURGBP_M1.csv
2026-07-29 07:07:02,764 | INFO     | [CSVQueue] Enqueuing write for data_base/csv/iq_option\GBPUSD-OTC\GBPUSD-OTC_M1.csv - Queue size: 0
2026-07-29 07:07:02,780 | INFO     | [DataAdapter] M1 data refresh completed for GBPUSD-OTC
2026-07-29 07:07:02,795 | INFO     | [DataAdapter] Refreshing M5 data for GBPUSD-OTC
2026-07-29 07:07:02,810 | INFO     | [CSVWriter] Writing 99 rows to data_base/csv/iq_option\EURGBP\EURGBP_M1.csv
2026-07-29 07:07:02,810 | INFO     | [DataAdapter] M5 data refresh completed for GBPUSD-OTC
2026-07-29 07:07:02,842 | INFO     | [DataAdapter] Refreshing M15 data for GBPUSD-OTC
2026-07-29 07:07:02,858 | INFO     | [DataAdapter] M15 data refresh completed for GBPUSD-OTC
2026-07-29 07:07:02,967 | INFO     | [IQOPTION] REST fetch succeeded for EURGBP-OTC: 3 candles
2026-07-29 07:07:02,980 | INFO     | [CSVQueue] Enqueuing write for data_base/csv/iq_option\EURGBP-OTC\EURGBP-OTC_M1.csv - Queue size: 1
2026-07-29 07:07:02,980 | INFO     | [DataAdapter] M1 data refresh completed for EURGBP-OTC
2026-07-29 07:07:02,981 | INFO     | [DataAdapter] Refreshing M5 data for EURGBP-OTC
2026-07-29 07:07:02,981 | INFO     | [DataAdapter] M5 data refresh completed for EURGBP-OTC
2026-07-29 07:07:02,981 | INFO     | [DataAdapter] Refreshing M15 data for EURGBP-OTC
2026-07-29 07:07:02,983 | INFO     | [DataAdapter] M15 data refresh completed for EURGBP-OTC
2026-07-29 07:07:02,985 | INFO     | [CSVWriter] Successfully wrote 146 rows to data_base/csv/iq_option\EURGBP\EURGBP_M1.csv
2026-07-29 07:07:02,985 | INFO     | [CSVQueue] Successfully processed write for data_base/csv/iq_option\EURGBP\EURGBP_M1.csv
2026-07-29 07:07:02,985 | INFO     | [CSVQueue] Processing write for data_base/csv/iq_option\GBPUSD-OTC\GBPUSD-OTC_M1.csv
2026-07-29 07:07:02,986 | INFO     | [CSVWriter] Writing 99 rows to data_base/csv/iq_option\GBPUSD-OTC\GBPUSD-OTC_M1.csv
2026-07-29 07:07:03,000 | INFO     | [CSVWriter] Successfully wrote 146 rows to data_base/csv/iq_option\GBPUSD-OTC\GBPUSD-OTC_M1.csv
2026-07-29 07:07:03,000 | INFO     | [CSVQueue] Successfully processed write for data_base/csv/iq_option\GBPUSD-OTC\GBPUSD-OTC_M1.csv
2026-07-29 07:07:03,000 | INFO     | [CSVQueue] Processing write for data_base/csv/iq_option\EURGBP-OTC\EURGBP-OTC_M1.csv
2026-07-29 07:07:03,001 | INFO     | [CSVWriter] Writing 99 rows to data_base/csv/iq_option\EURGBP-OTC\EURGBP-OTC_M1.csv
2026-07-29 07:07:03,014 | INFO     | [CSVWriter] Successfully wrote 146 rows to data_base/csv/iq_option\EURGBP-OTC\EURGBP-OTC_M1.csv
2026-07-29 07:07:03,014 | INFO     | [CSVQueue] Successfully processed write for data_base/csv/iq_option\EURGBP-OTC\EURGBP-OTC_M1.csv
2026-07-29 07:07:03,015 | INFO     | [CSVQueue] Queue size: 0
2026-07-29 07:07:03,500 | INFO     | [EURUSD:1.13860][EURGBP:0.85688][GBPUSD-OTC:1.33478][EURGBP-OTC:0.85177] :: TOTAL=$1453.95
2026-07-29 07:07:30,135 | INFO     | [TIME SYNC] Server time offset: -2.6410000324249268 seconds
2026-07-29 07:07:30,135 | INFO     | Time Sync : -2.641s
2026-07-29 07:08:01,765 | INFO     | [DataAdapter] Starting update for EURUSD
2026-07-29 07:08:01,765 | INFO     | [DataAdapter] Refreshing M1 data for EURUSD
2026-07-29 07:08:01,765 | INFO     | [DataAdapter] Starting update for EURGBP
2026-07-29 07:08:01,765 | INFO     | [DataAdapter] Refreshing M1 data for EURGBP
2026-07-29 07:08:01,765 | INFO     | [DataAdapter] Starting update for GBPUSD-OTC
2026-07-29 07:08:01,766 | INFO     | [DataAdapter] Refreshing M1 data for GBPUSD-OTC
2026-07-29 07:08:01,766 | INFO     | [DataAdapter] Starting update for EURGBP-OTC
2026-07-29 07:08:01,766 | INFO     | [DataAdapter] Refreshing M1 data for EURGBP-OTC
2026-07-29 07:08:02,030 | INFO     | [IQOPTION] REST fetch succeeded for EURUSD: 3 candles
2026-07-29 07:08:02,138 | INFO     | [CSVQueue] Enqueuing write for data_base/csv/iq_option\EURUSD\EURUSD_M1.csv - Queue size: 0
2026-07-29 07:08:02,138 | INFO     | [DataAdapter] M1 data refresh completed for EURUSD
2026-07-29 07:08:02,138 | INFO     | [DataAdapter] Refreshing M5 data for EURUSD
2026-07-29 07:08:02,138 | INFO     | [DataAdapter] M5 data refresh completed for EURUSD
2026-07-29 07:08:02,139 | INFO     | [DataAdapter] Refreshing M15 data for EURUSD
2026-07-29 07:08:02,139 | INFO     | [DataAdapter] M15 data refresh completed for EURUSD
2026-07-29 07:08:02,169 | INFO     | [CSVQueue] Processing write for data_base/csv/iq_option\EURUSD\EURUSD_M1.csv
2026-07-29 07:08:02,216 | INFO     | [CSVWriter] Writing 99 rows to data_base/csv/iq_option\EURUSD\EURUSD_M1.csv
2026-07-29 07:08:02,233 | INFO     | [IQOPTION] REST fetch succeeded for EURGBP: 3 candles
2026-07-29 07:08:02,326 | INFO     | [CSVQueue] Enqueuing write for data_base/csv/iq_option\EURGBP\EURGBP_M1.csv - Queue size: 0
2026-07-29 07:08:02,356 | INFO     | [DataAdapter] M1 data refresh completed for EURGBP
2026-07-29 07:08:02,356 | INFO     | [DataAdapter] Refreshing M5 data for EURGBP
2026-07-29 07:08:02,371 | INFO     | [DataAdapter] M5 data refresh completed for EURGBP
2026-07-29 07:08:02,371 | INFO     | [DataAdapter] Refreshing M15 data for EURGBP
2026-07-29 07:08:02,374 | INFO     | [DataAdapter] M15 data refresh completed for EURGBP
2026-07-29 07:08:02,540 | INFO     | [CSVWriter] Successfully wrote 147 rows to data_base/csv/iq_option\EURUSD\EURUSD_M1.csv
2026-07-29 07:08:02,556 | INFO     | [CSVQueue] Successfully processed write for data_base/csv/iq_option\EURUSD\EURUSD_M1.csv
2026-07-29 07:08:02,571 | INFO     | [CSVQueue] Processing write for data_base/csv/iq_option\EURGBP\EURGBP_M1.csv
2026-07-29 07:08:02,587 | INFO     | [IQOPTION] REST fetch succeeded for GBPUSD-OTC: 3 candles
2026-07-29 07:08:02,602 | INFO     | [CSVWriter] Writing 99 rows to data_base/csv/iq_option\EURGBP\EURGBP_M1.csv
2026-07-29 07:08:02,725 | INFO     | [CSVQueue] Enqueuing write for data_base/csv/iq_option\GBPUSD-OTC\GBPUSD-OTC_M1.csv - Queue size: 0
2026-07-29 07:08:02,726 | INFO     | [DataAdapter] M1 data refresh completed for GBPUSD-OTC
2026-07-29 07:08:02,741 | INFO     | [DataAdapter] Refreshing M5 data for GBPUSD-OTC
2026-07-29 07:08:02,742 | INFO     | [DataAdapter] M5 data refresh completed for GBPUSD-OTC
2026-07-29 07:08:02,743 | INFO     | [DataAdapter] Refreshing M15 data for GBPUSD-OTC
2026-07-29 07:08:02,757 | INFO     | [DataAdapter] M15 data refresh completed for GBPUSD-OTC
2026-07-29 07:08:02,850 | INFO     | [IQOPTION] REST fetch succeeded for EURGBP-OTC: 3 candles
2026-07-29 07:08:02,868 | INFO     | [CSVWriter] Successfully wrote 147 rows to data_base/csv/iq_option\EURGBP\EURGBP_M1.csv
2026-07-29 07:08:02,869 | INFO     | [CSVQueue] Successfully processed write for data_base/csv/iq_option\EURGBP\EURGBP_M1.csv
2026-07-29 07:08:02,869 | INFO     | [CSVQueue] Enqueuing write for data_base/csv/iq_option\EURGBP-OTC\EURGBP-OTC_M1.csv - Queue size: 1
2026-07-29 07:08:02,869 | INFO     | [CSVQueue] Processing write for data_base/csv/iq_option\GBPUSD-OTC\GBPUSD-OTC_M1.csv
2026-07-29 07:08:02,870 | INFO     | [DataAdapter] M1 data refresh completed for EURGBP-OTC
2026-07-29 07:08:02,870 | INFO     | [DataAdapter] Refreshing M5 data for EURGBP-OTC
2026-07-29 07:08:02,871 | INFO     | [DataAdapter] M5 data refresh completed for EURGBP-OTC
2026-07-29 07:08:02,871 | INFO     | [DataAdapter] Refreshing M15 data for EURGBP-OTC
2026-07-29 07:08:02,871 | INFO     | [DataAdapter] M15 data refresh completed for EURGBP-OTC
2026-07-29 07:08:02,873 | INFO     | [CSVWriter] Writing 99 rows to data_base/csv/iq_option\GBPUSD-OTC\GBPUSD-OTC_M1.csv
2026-07-29 07:08:02,952 | INFO     | [CSVWriter] Successfully wrote 147 rows to data_base/csv/iq_option\GBPUSD-OTC\GBPUSD-OTC_M1.csv
2026-07-29 07:08:02,953 | INFO     | [CSVQueue] Successfully processed write for data_base/csv/iq_option\GBPUSD-OTC\GBPUSD-OTC_M1.csv
2026-07-29 07:08:02,953 | INFO     | [CSVQueue] Processing write for data_base/csv/iq_option\EURGBP-OTC\EURGBP-OTC_M1.csv
2026-07-29 07:08:02,953 | INFO     | [CSVWriter] Writing 99 rows to data_base/csv/iq_option\EURGBP-OTC\EURGBP-OTC_M1.csv
2026-07-29 07:08:03,078 | INFO     | [CSVWriter] Successfully wrote 147 rows to data_base/csv/iq_option\EURGBP-OTC\EURGBP-OTC_M1.csv
2026-07-29 07:08:03,078 | INFO     | [CSVQueue] Successfully processed write for data_base/csv/iq_option\EURGBP-OTC\EURGBP-OTC_M1.csv
2026-07-29 07:08:03,078 | INFO     | [CSVQueue] Queue size: 0
2026-07-29 07:08:03,690 | INFO     | [EURUSD:1.13854][EURGBP:0.85688][GBPUSD-OTC:1.33499][EURGBP-OTC:0.85179] :: TOTAL=$1453.95
2026-07-29 07:08:30,136 | INFO     | [TIME SYNC] Server time offset: -2.9609999656677246 seconds
2026-07-29 07:08:30,136 | INFO     | Time Sync : -2.961s
2026-07-29 07:09:01,911 | INFO     | [DataAdapter] Starting update for EURUSD
2026-07-29 07:09:01,912 | INFO     | [DataAdapter] Refreshing M1 data for EURUSD
2026-07-29 07:09:01,912 | INFO     | [DataAdapter] Starting update for EURGBP
2026-07-29 07:09:01,913 | INFO     | [DataAdapter] Refreshing M1 data for EURGBP
2026-07-29 07:09:01,913 | INFO     | [DataAdapter] Starting update for GBPUSD-OTC
2026-07-29 07:09:01,914 | INFO     | [DataAdapter] Refreshing M1 data for GBPUSD-OTC
2026-07-29 07:09:01,914 | INFO     | [DataAdapter] Starting update for EURGBP-OTC
2026-07-29 07:09:01,925 | INFO     | [DataAdapter] Refreshing M1 data for EURGBP-OTC
2026-07-29 07:09:02,128 | INFO     | [IQOPTION] REST fetch succeeded for EURUSD: 3 candles
2026-07-29 07:09:02,251 | INFO     | [CSVQueue] Enqueuing write for data_base/csv/iq_option\EURUSD\EURUSD_M1.csv - Queue size: 0
2026-07-29 07:09:02,267 | INFO     | [DataAdapter] M1 data refresh completed for EURUSD
2026-07-29 07:09:02,298 | INFO     | [CSVQueue] Processing write for data_base/csv/iq_option\EURUSD\EURUSD_M1.csv
2026-07-29 07:09:02,298 | INFO     | [DataAdapter] Refreshing M5 data for EURUSD
2026-07-29 07:09:02,345 | INFO     | [DataAdapter] M5 data refresh completed for EURUSD
2026-07-29 07:09:02,359 | INFO     | [CSVWriter] Writing 99 rows to data_base/csv/iq_option\EURUSD\EURUSD_M1.csv
2026-07-29 07:09:02,359 | INFO     | [DataAdapter] Refreshing M15 data for EURUSD
2026-07-29 07:09:02,421 | INFO     | [DataAdapter] M15 data refresh completed for EURUSD
2026-07-29 07:09:02,515 | INFO     | [IQOPTION] REST fetch succeeded for EURGBP: 3 candles
2026-07-29 07:09:02,588 | INFO     | [CSVQueue] Enqueuing write for data_base/csv/iq_option\EURGBP\EURGBP_M1.csv - Queue size: 0
2026-07-29 07:09:02,589 | INFO     | [DataAdapter] M1 data refresh completed for EURGBP
2026-07-29 07:09:02,589 | INFO     | [DataAdapter] Refreshing M5 data for EURGBP
2026-07-29 07:09:02,589 | INFO     | [DataAdapter] M5 data refresh completed for EURGBP
2026-07-29 07:09:02,590 | INFO     | [CSVWriter] Successfully wrote 149 rows to data_base/csv/iq_option\EURUSD\EURUSD_M1.csv
2026-07-29 07:09:02,590 | INFO     | [DataAdapter] Refreshing M15 data for EURGBP
2026-07-29 07:09:02,622 | INFO     | [CSVQueue] Successfully processed write for data_base/csv/iq_option\EURUSD\EURUSD_M1.csv
2026-07-29 07:09:02,623 | INFO     | [DataAdapter] M15 data refresh completed for EURGBP
2026-07-29 07:09:02,623 | INFO     | [CSVQueue] Processing write for data_base/csv/iq_option\EURGBP\EURGBP_M1.csv
2026-07-29 07:09:02,624 | INFO     | [CSVWriter] Writing 99 rows to data_base/csv/iq_option\EURGBP\EURGBP_M1.csv
2026-07-29 07:09:02,717 | INFO     | [IQOPTION] REST fetch succeeded for GBPUSD-OTC: 3 candles
2026-07-29 07:09:02,839 | INFO     | [CSVQueue] Enqueuing write for data_base/csv/iq_option\GBPUSD-OTC\GBPUSD-OTC_M1.csv - Queue size: 0
2026-07-29 07:09:02,839 | INFO     | [CSVWriter] Successfully wrote 149 rows to data_base/csv/iq_option\EURGBP\EURGBP_M1.csv
2026-07-29 07:09:02,870 | INFO     | [DataAdapter] M1 data refresh completed for GBPUSD-OTC
2026-07-29 07:09:02,916 | INFO     | [CSVQueue] Successfully processed write for data_base/csv/iq_option\EURGBP\EURGBP_M1.csv
2026-07-29 07:09:03,011 | INFO     | [CSVQueue] Processing write for data_base/csv/iq_option\GBPUSD-OTC\GBPUSD-OTC_M1.csv
2026-07-29 07:09:03,010 | INFO     | [IQOPTION] REST fetch succeeded for EURGBP-OTC: 3 candles
2026-07-29 07:09:02,962 | INFO     | [DataAdapter] Refreshing M5 data for GBPUSD-OTC
2026-07-29 07:09:03,031 | INFO     | [CSVWriter] Writing 99 rows to data_base/csv/iq_option\GBPUSD-OTC\GBPUSD-OTC_M1.csv
2026-07-29 07:09:03,031 | INFO     | [DataAdapter] M5 data refresh completed for GBPUSD-OTC
2026-07-29 07:09:03,035 | INFO     | [DataAdapter] Refreshing M15 data for GBPUSD-OTC
2026-07-29 07:09:03,036 | INFO     | [DataAdapter] M15 data refresh completed for GBPUSD-OTC
2026-07-29 07:09:03,036 | INFO     | [CSVQueue] Enqueuing write for data_base/csv/iq_option\EURGBP-OTC\EURGBP-OTC_M1.csv - Queue size: 0
2026-07-29 07:09:03,036 | INFO     | [DataAdapter] M1 data refresh completed for EURGBP-OTC
2026-07-29 07:09:03,036 | INFO     | [DataAdapter] Refreshing M5 data for EURGBP-OTC
2026-07-29 07:09:03,037 | INFO     | [DataAdapter] M5 data refresh completed for EURGBP-OTC
2026-07-29 07:09:03,037 | INFO     | [DataAdapter] Refreshing M15 data for EURGBP-OTC
2026-07-29 07:09:03,037 | INFO     | [DataAdapter] M15 data refresh completed for EURGBP-OTC
2026-07-29 07:09:03,068 | INFO     | [CSVWriter] Successfully wrote 149 rows to data_base/csv/iq_option\GBPUSD-OTC\GBPUSD-OTC_M1.csv
2026-07-29 07:09:03,068 | INFO     | [CSVQueue] Successfully processed write for data_base/csv/iq_option\GBPUSD-OTC\GBPUSD-OTC_M1.csv
2026-07-29 07:09:03,068 | INFO     | [CSVQueue] Processing write for data_base/csv/iq_option\EURGBP-OTC\EURGBP-OTC_M1.csv
2026-07-29 07:09:03,068 | INFO     | [CSVWriter] Writing 99 rows to data_base/csv/iq_option\EURGBP-OTC\EURGBP-OTC_M1.csv
2026-07-29 07:09:03,097 | INFO     | [CSVWriter] Successfully wrote 149 rows to data_base/csv/iq_option\EURGBP-OTC\EURGBP-OTC_M1.csv
2026-07-29 07:09:03,097 | INFO     | [CSVQueue] Successfully processed write for data_base/csv/iq_option\EURGBP-OTC\EURGBP-OTC_M1.csv
2026-07-29 07:09:03,097 | INFO     | [CSVQueue] Queue size: 0
2026-07-29 07:09:03,982 | INFO     | [EURUSD:1.13840][EURGBP:0.85686][GBPUSD-OTC:1.33492][EURGBP-OTC:0.85225] :: TOTAL=$1453.95
2026-07-29 07:09:30,137 | INFO     | [TIME SYNC] Server time offset: -2.3239998817443848 seconds
2026-07-29 07:09:30,137 | INFO     | Time Sync : -2.324s
2026-07-29 07:10:02,258 | INFO     | [DataAdapter] Starting update for EURUSD
2026-07-29 07:10:02,258 | INFO     | [DataAdapter] Refreshing M1 data for EURUSD
2026-07-29 07:10:02,258 | INFO     | [DataAdapter] Starting update for EURGBP
2026-07-29 07:10:02,258 | INFO     | [DataAdapter] Refreshing M1 data for EURGBP
2026-07-29 07:10:02,258 | INFO     | [DataAdapter] Starting update for GBPUSD-OTC
2026-07-29 07:10:02,259 | INFO     | [DataAdapter] Refreshing M1 data for GBPUSD-OTC
2026-07-29 07:10:02,259 | INFO     | [DataAdapter] Starting update for EURGBP-OTC
2026-07-29 07:10:02,259 | INFO     | [DataAdapter] Refreshing M1 data for EURGBP-OTC
2026-07-29 07:10:02,489 | INFO     | [IQOPTION] REST fetch succeeded for EURUSD: 3 candles
2026-07-29 07:10:02,598 | INFO     | [CSVQueue] Enqueuing write for data_base/csv/iq_option\EURUSD\EURUSD_M1.csv - Queue size: 0
2026-07-29 07:10:02,615 | INFO     | [DataAdapter] M1 data refresh completed for EURUSD
2026-07-29 07:10:02,629 | INFO     | [CSVQueue] Processing write for data_base/csv/iq_option\EURUSD\EURUSD_M1.csv
2026-07-29 07:10:02,629 | INFO     | [DataAdapter] Refreshing M5 data for EURUSD
2026-07-29 07:10:02,706 | INFO     | [DataAdapter] M5 data refresh completed for EURUSD
2026-07-29 07:10:02,737 | INFO     | [DataAdapter] Refreshing M15 data for EURUSD
2026-07-29 07:10:02,737 | INFO     | [CSVWriter] Writing 99 rows to data_base/csv/iq_option\EURUSD\EURUSD_M1.csv
2026-07-29 07:10:02,752 | INFO     | [DataAdapter] M15 data refresh completed for EURUSD
2026-07-29 07:10:02,753 | INFO     | [IQOPTION] REST fetch succeeded for EURGBP: 3 candles
2026-07-29 07:10:02,877 | INFO     | [CSVQueue] Enqueuing write for data_base/csv/iq_option\EURGBP\EURGBP_M1.csv - Queue size: 0
2026-07-29 07:10:02,877 | INFO     | [DataAdapter] M1 data refresh completed for EURGBP
2026-07-29 07:10:02,892 | INFO     | [DataAdapter] Refreshing M5 data for EURGBP
2026-07-29 07:10:02,908 | INFO     | [DataAdapter] M5 data refresh completed for EURGBP
2026-07-29 07:10:02,940 | INFO     | [DataAdapter] Refreshing M15 data for EURGBP
2026-07-29 07:10:02,944 | INFO     | [DataAdapter] M15 data refresh completed for EURGBP
2026-07-29 07:10:03,048 | INFO     | [CSVWriter] Successfully wrote 149 rows to data_base/csv/iq_option\EURUSD\EURUSD_M1.csv
2026-07-29 07:10:03,065 | INFO     | [CSVQueue] Successfully processed write for data_base/csv/iq_option\EURUSD\EURUSD_M1.csv
2026-07-29 07:10:03,065 | INFO     | [IQOPTION] REST fetch succeeded for GBPUSD-OTC: 3 candles
2026-07-29 07:10:03,065 | INFO     | [CSVQueue] Processing write for data_base/csv/iq_option\EURGBP\EURGBP_M1.csv
2026-07-29 07:10:03,126 | INFO     | [CSVWriter] Writing 99 rows to data_base/csv/iq_option\EURGBP\EURGBP_M1.csv
2026-07-29 07:10:03,189 | INFO     | [CSVQueue] Enqueuing write for data_base/csv/iq_option\GBPUSD-OTC\GBPUSD-OTC_M1.csv - Queue size: 0
2026-07-29 07:10:03,189 | INFO     | [DataAdapter] M1 data refresh completed for GBPUSD-OTC
2026-07-29 07:10:03,235 | INFO     | [DataAdapter] Refreshing M5 data for GBPUSD-OTC
2026-07-29 07:10:03,267 | INFO     | [DataAdapter] M5 data refresh completed for GBPUSD-OTC
2026-07-29 07:10:03,282 | INFO     | [DataAdapter] Refreshing M15 data for GBPUSD-OTC
2026-07-29 07:10:03,283 | INFO     | [DataAdapter] M15 data refresh completed for GBPUSD-OTC
2026-07-29 07:10:03,561 | INFO     | [CSVWriter] Successfully wrote 149 rows to data_base/csv/iq_option\EURGBP\EURGBP_M1.csv
2026-07-29 07:10:03,577 | INFO     | [CSVQueue] Successfully processed write for data_base/csv/iq_option\EURGBP\EURGBP_M1.csv
2026-07-29 07:10:03,577 | INFO     | [CSVQueue] Processing write for data_base/csv/iq_option\GBPUSD-OTC\GBPUSD-OTC_M1.csv
2026-07-29 07:10:03,578 | INFO     | [IQOPTION] REST fetch succeeded for EURGBP-OTC: 3 candles
2026-07-29 07:10:03,588 | INFO     | [CSVWriter] Writing 99 rows to data_base/csv/iq_option\GBPUSD-OTC\GBPUSD-OTC_M1.csv
2026-07-29 07:10:03,591 | INFO     | [CSVQueue] Enqueuing write for data_base/csv/iq_option\EURGBP-OTC\EURGBP-OTC_M1.csv - Queue size: 0
2026-07-29 07:10:03,591 | INFO     | [DataAdapter] M1 data refresh completed for EURGBP-OTC
2026-07-29 07:10:03,591 | INFO     | [DataAdapter] Refreshing M5 data for EURGBP-OTC
2026-07-29 07:10:03,591 | INFO     | [DataAdapter] M5 data refresh completed for EURGBP-OTC
2026-07-29 07:10:03,592 | INFO     | [DataAdapter] Refreshing M15 data for EURGBP-OTC
2026-07-29 07:10:03,592 | INFO     | [DataAdapter] M15 data refresh completed for EURGBP-OTC
2026-07-29 07:10:03,598 | INFO     | [CSVWriter] Successfully wrote 149 rows to data_base/csv/iq_option\GBPUSD-OTC\GBPUSD-OTC_M1.csv
2026-07-29 07:10:03,598 | INFO     | [CSVQueue] Successfully processed write for data_base/csv/iq_option\GBPUSD-OTC\GBPUSD-OTC_M1.csv
2026-07-29 07:10:03,598 | INFO     | [CSVQueue] Processing write for data_base/csv/iq_option\EURGBP-OTC\EURGBP-OTC_M1.csv
2026-07-29 07:10:03,599 | INFO     | [CSVWriter] Writing 99 rows to data_base/csv/iq_option\EURGBP-OTC\EURGBP-OTC_M1.csv
2026-07-29 07:10:03,608 | INFO     | [CSVWriter] Successfully wrote 149 rows to data_base/csv/iq_option\EURGBP-OTC\EURGBP-OTC_M1.csv
2026-07-29 07:10:03,608 | INFO     | [CSVQueue] Successfully processed write for data_base/csv/iq_option\EURGBP-OTC\EURGBP-OTC_M1.csv
2026-07-29 07:10:03,609 | INFO     | [CSVQueue] Queue size: 0
2026-07-29 07:10:03,978 | INFO     | [EURUSD:1.13840][EURGBP:0.85685][GBPUSD-OTC:1.33491][EURGBP-OTC:0.85225] :: TOTAL=$1453.95
2026-07-29 07:10:30,138 | INFO     | [TIME SYNC] Server time offset: -2.6470000743865967 seconds
2026-07-29 07:10:30,138 | INFO     | Time Sync : -2.647s
