2026-07-28 06:05:16,223 | INFO     | [NEWS] Calendar file for today (2026-07-28) already exists.
2026-07-28 06:05:16,441 | INFO     | MarketStateClassifier initialised
2026-07-28 06:05:16,461 | INFO     | กำลังเชื่อมต่อโบรกเกอร์  | IQ Option
2026-07-28 06:05:16,461 | INFO     | [IQOPTION] Initialized with Zero Tolerance compliance
2026-07-28 06:05:16,531 | INFO     | Using stable_api.IQ_Option class
2026-07-28 06:05:16,531 | INFO     | [CONN] Connecting to IQ Option (DEMO) as venuz20152565@gmail.com...
2026-07-28 06:05:16,531 | INFO     | [CONN] API created, attempting to connect...
2026-07-28 06:05:18,991 | INFO     | [CONN] IQ Option connected (REAL MONEY)
2026-07-28 06:05:19,053 | INFO     | เชื่อมต่อ IQ Option สำเร็จ
2026-07-28 06:05:19,053 | INFO     | [CSVManager] Initialized with base_dir: data_base/csv/iq_option
2026-07-28 06:05:19,053 | INFO     | [CSVWriter] Initialized with encoding: utf-8, decimals: 6
2026-07-28 06:05:19,054 | INFO     | [CSVQueue] Initialized with 1 worker(s)
2026-07-28 06:05:19,054 | INFO     | [DataMonitor] Initialized with log level: WARNING
2026-07-28 06:05:19,054 | INFO     | [DataAdapter] Initialized with Zero Tolerance compliance
2026-07-28 06:05:19,054 | INFO     | [ANOMALY] Initialized with thresholds: {'spike_threshold': 0.3, 'zero_volume_threshold': 0, 'impossible_candle_threshold': 0.001, 'spike_window': 20, 'max_consecutive_zero_volume': 3, 'max_consecutive_anomalies': 10}
2026-07-28 06:05:19,055 | INFO     | [CandleValidator] Initialized with validation configuration
2026-07-28 06:05:19,055 | INFO     | [DataAdapter] Initialized with configuration
2026-07-28 06:05:19,445 | INFO     | บัญชี DEMO | Balance: $1453.95
2026-07-28 06:05:19,446 | INFO     | Server time offset: -1.937999963760376 seconds
2026-07-28 06:05:19,446 | INFO     | [TIME SYNC] Started time sync daemon thread (scheduled at :30 of every minute)
2026-07-28 06:05:19,452 | INFO     | ตรวจพบรายการสินทรัพย์ : EURUSD, EURUSD-OTC, GBPUSD-OTC, EURGBP-OTC
2026-07-28 06:05:19,458 | INFO     | กำลังเตรียมข้อมูลสินทรัพย์ 4 รายการ : EURUSD, EURUSD-OTC, GBPUSD-OTC, EURGBP-OTC
2026-07-28 06:05:19,774 | INFO     | [IQOPTION] REST fetch succeeded for EURUSD: 100 candles
2026-07-28 06:05:20,208 | INFO     | [IQOPTION] REST fetch succeeded for EURUSD: 250 candles
2026-07-28 06:05:20,486 | INFO     | [IQOPTION] REST fetch succeeded for EURUSD: 50 candles
2026-07-28 06:05:20,497 | INFO     | [CSVQueue] Enqueuing write for data_base/csv/iq_option\EURUSD\EURUSD_M1.csv - Queue size: 0
2026-07-28 06:05:20,498 | INFO     | [CSVQueue] Processing write for data_base/csv/iq_option\EURUSD\EURUSD_M1.csv
2026-07-28 06:05:20,498 | INFO     | [CSVWriter] Writing 100 rows to data_base/csv/iq_option\EURUSD\EURUSD_M1.csv
2026-07-28 06:05:20,500 | INFO     | [CSVQueue] Enqueuing write for data_base/csv/iq_option\EURUSD\EURUSD_M5.csv - Queue size: 0
2026-07-28 06:05:20,501 | INFO     | [CSVQueue] Enqueuing write for data_base/csv/iq_option\EURUSD\EURUSD_M15.csv - Queue size: 1
2026-07-28 06:05:20,501 | INFO     | [DataAdapter] EURUSD initialised — M1:100 M5:250 M15:50
2026-07-28 06:05:20,657 | INFO     | [CSVWriter] Successfully wrote 100 rows to data_base/csv/iq_option\EURUSD\EURUSD_M1.csv
2026-07-28 06:05:20,673 | INFO     | [CSVQueue] Successfully processed write for data_base/csv/iq_option\EURUSD\EURUSD_M1.csv
2026-07-28 06:05:20,689 | INFO     | [CSVQueue] Processing write for data_base/csv/iq_option\EURUSD\EURUSD_M5.csv
2026-07-28 06:05:20,704 | INFO     | [CSVWriter] Writing 250 rows to data_base/csv/iq_option\EURUSD\EURUSD_M5.csv
2026-07-28 06:05:20,771 | INFO     | [IQOPTION] REST fetch succeeded for EURUSD-OTC: 100 candles
2026-07-28 06:05:20,798 | INFO     | [CSVWriter] Successfully wrote 250 rows to data_base/csv/iq_option\EURUSD\EURUSD_M5.csv
2026-07-28 06:05:20,814 | INFO     | [CSVQueue] Successfully processed write for data_base/csv/iq_option\EURUSD\EURUSD_M5.csv
2026-07-28 06:05:20,830 | INFO     | [CSVQueue] Processing write for data_base/csv/iq_option\EURUSD\EURUSD_M15.csv
2026-07-28 06:05:20,846 | INFO     | [CSVWriter] Writing 50 rows to data_base/csv/iq_option\EURUSD\EURUSD_M15.csv
2026-07-28 06:05:20,953 | INFO     | [CSVWriter] Successfully wrote 50 rows to data_base/csv/iq_option\EURUSD\EURUSD_M15.csv
2026-07-28 06:05:20,969 | INFO     | [CSVQueue] Successfully processed write for data_base/csv/iq_option\EURUSD\EURUSD_M15.csv
2026-07-28 06:05:20,984 | INFO     | [CSVQueue] Queue size: 0
2026-07-28 06:05:21,192 | INFO     | [IQOPTION] REST fetch succeeded for EURUSD-OTC: 250 candles
2026-07-28 06:05:21,486 | INFO     | [IQOPTION] REST fetch succeeded for EURUSD-OTC: 50 candles
2026-07-28 06:05:21,497 | INFO     | [CSVQueue] Enqueuing write for data_base/csv/iq_option\EURUSD-OTC\EURUSD-OTC_M1.csv - Queue size: 0
2026-07-28 06:05:21,497 | INFO     | [CSVQueue] Processing write for data_base/csv/iq_option\EURUSD-OTC\EURUSD-OTC_M1.csv
2026-07-28 06:05:21,499 | INFO     | [CSVWriter] Writing 100 rows to data_base/csv/iq_option\EURUSD-OTC\EURUSD-OTC_M1.csv
2026-07-28 06:05:21,504 | INFO     | [CSVQueue] Enqueuing write for data_base/csv/iq_option\EURUSD-OTC\EURUSD-OTC_M5.csv - Queue size: 0
2026-07-28 06:05:21,506 | INFO     | [CSVQueue] Enqueuing write for data_base/csv/iq_option\EURUSD-OTC\EURUSD-OTC_M15.csv - Queue size: 1
2026-07-28 06:05:21,506 | INFO     | [DataAdapter] EURUSD-OTC initialised — M1:100 M5:250 M15:50
2026-07-28 06:05:21,506 | INFO     | [CSVWriter] Successfully wrote 100 rows to data_base/csv/iq_option\EURUSD-OTC\EURUSD-OTC_M1.csv
2026-07-28 06:05:21,506 | INFO     | [CSVQueue] Successfully processed write for data_base/csv/iq_option\EURUSD-OTC\EURUSD-OTC_M1.csv
2026-07-28 06:05:21,507 | INFO     | [CSVQueue] Processing write for data_base/csv/iq_option\EURUSD-OTC\EURUSD-OTC_M5.csv
2026-07-28 06:05:21,515 | INFO     | [CSVWriter] Writing 250 rows to data_base/csv/iq_option\EURUSD-OTC\EURUSD-OTC_M5.csv
2026-07-28 06:05:21,654 | INFO     | [CSVWriter] Successfully wrote 250 rows to data_base/csv/iq_option\EURUSD-OTC\EURUSD-OTC_M5.csv
2026-07-28 06:05:21,670 | INFO     | [CSVQueue] Successfully processed write for data_base/csv/iq_option\EURUSD-OTC\EURUSD-OTC_M5.csv
2026-07-28 06:05:21,685 | INFO     | [CSVQueue] Processing write for data_base/csv/iq_option\EURUSD-OTC\EURUSD-OTC_M15.csv
2026-07-28 06:05:21,700 | INFO     | [CSVWriter] Writing 50 rows to data_base/csv/iq_option\EURUSD-OTC\EURUSD-OTC_M15.csv
2026-07-28 06:05:21,755 | INFO     | [IQOPTION] REST fetch succeeded for GBPUSD-OTC: 100 candles
2026-07-28 06:05:21,793 | INFO     | [CSVWriter] Successfully wrote 50 rows to data_base/csv/iq_option\EURUSD-OTC\EURUSD-OTC_M15.csv
2026-07-28 06:05:21,809 | INFO     | [CSVQueue] Successfully processed write for data_base/csv/iq_option\EURUSD-OTC\EURUSD-OTC_M15.csv
2026-07-28 06:05:21,824 | INFO     | [CSVQueue] Queue size: 0
2026-07-28 06:05:22,098 | INFO     | [IQOPTION] REST fetch succeeded for GBPUSD-OTC: 250 candles
2026-07-28 06:05:22,341 | INFO     | [IQOPTION] REST fetch succeeded for GBPUSD-OTC: 50 candles
2026-07-28 06:05:22,351 | INFO     | [CSVQueue] Enqueuing write for data_base/csv/iq_option\GBPUSD-OTC\GBPUSD-OTC_M1.csv - Queue size: 0
2026-07-28 06:05:22,352 | INFO     | [CSVQueue] Processing write for data_base/csv/iq_option\GBPUSD-OTC\GBPUSD-OTC_M1.csv
2026-07-28 06:05:22,352 | INFO     | [CSVWriter] Writing 100 rows to data_base/csv/iq_option\GBPUSD-OTC\GBPUSD-OTC_M1.csv
2026-07-28 06:05:22,356 | INFO     | [CSVQueue] Enqueuing write for data_base/csv/iq_option\GBPUSD-OTC\GBPUSD-OTC_M5.csv - Queue size: 0
2026-07-28 06:05:22,357 | INFO     | [CSVQueue] Enqueuing write for data_base/csv/iq_option\GBPUSD-OTC\GBPUSD-OTC_M15.csv - Queue size: 1
2026-07-28 06:05:22,357 | INFO     | [DataAdapter] GBPUSD-OTC initialised — M1:100 M5:250 M15:50
2026-07-28 06:05:22,357 | INFO     | [CSVWriter] Successfully wrote 100 rows to data_base/csv/iq_option\GBPUSD-OTC\GBPUSD-OTC_M1.csv
2026-07-28 06:05:22,370 | INFO     | [CSVQueue] Successfully processed write for data_base/csv/iq_option\GBPUSD-OTC\GBPUSD-OTC_M1.csv
2026-07-28 06:05:22,385 | INFO     | [CSVQueue] Processing write for data_base/csv/iq_option\GBPUSD-OTC\GBPUSD-OTC_M5.csv
2026-07-28 06:05:22,401 | INFO     | [CSVWriter] Writing 250 rows to data_base/csv/iq_option\GBPUSD-OTC\GBPUSD-OTC_M5.csv
2026-07-28 06:05:22,572 | INFO     | [CSVWriter] Successfully wrote 250 rows to data_base/csv/iq_option\GBPUSD-OTC\GBPUSD-OTC_M5.csv
2026-07-28 06:05:22,587 | INFO     | [CSVQueue] Successfully processed write for data_base/csv/iq_option\GBPUSD-OTC\GBPUSD-OTC_M5.csv
2026-07-28 06:05:22,603 | INFO     | [CSVQueue] Processing write for data_base/csv/iq_option\GBPUSD-OTC\GBPUSD-OTC_M15.csv
2026-07-28 06:05:22,603 | INFO     | [CSVWriter] Writing 50 rows to data_base/csv/iq_option\GBPUSD-OTC\GBPUSD-OTC_M15.csv
2026-07-28 06:05:22,615 | INFO     | [IQOPTION] REST fetch succeeded for EURGBP-OTC: 100 candles
2026-07-28 06:05:22,755 | INFO     | [CSVWriter] Successfully wrote 50 rows to data_base/csv/iq_option\GBPUSD-OTC\GBPUSD-OTC_M15.csv
2026-07-28 06:05:22,771 | INFO     | [CSVQueue] Successfully processed write for data_base/csv/iq_option\GBPUSD-OTC\GBPUSD-OTC_M15.csv
2026-07-28 06:05:22,786 | INFO     | [CSVQueue] Queue size: 0
2026-07-28 06:05:22,931 | INFO     | [IQOPTION] REST fetch succeeded for EURGBP-OTC: 250 candles
2026-07-28 06:05:23,206 | INFO     | [IQOPTION] REST fetch succeeded for EURGBP-OTC: 50 candles
2026-07-28 06:05:23,220 | INFO     | [CSVQueue] Enqueuing write for data_base/csv/iq_option\EURGBP-OTC\EURGBP-OTC_M1.csv - Queue size: 0
2026-07-28 06:05:23,220 | INFO     | [CSVQueue] Processing write for data_base/csv/iq_option\EURGBP-OTC\EURGBP-OTC_M1.csv
2026-07-28 06:05:23,220 | INFO     | [CSVWriter] Writing 100 rows to data_base/csv/iq_option\EURGBP-OTC\EURGBP-OTC_M1.csv
2026-07-28 06:05:23,223 | INFO     | [CSVQueue] Enqueuing write for data_base/csv/iq_option\EURGBP-OTC\EURGBP-OTC_M5.csv - Queue size: 0
2026-07-28 06:05:23,225 | INFO     | [CSVQueue] Enqueuing write for data_base/csv/iq_option\EURGBP-OTC\EURGBP-OTC_M15.csv - Queue size: 1
2026-07-28 06:05:23,225 | INFO     | [DataAdapter] EURGBP-OTC initialised — M1:100 M5:250 M15:50
2026-07-28 06:05:23,226 | INFO     | [CSVWriter] Successfully wrote 100 rows to data_base/csv/iq_option\EURGBP-OTC\EURGBP-OTC_M1.csv
2026-07-28 06:05:23,226 | INFO     | [CSVQueue] Successfully processed write for data_base/csv/iq_option\EURGBP-OTC\EURGBP-OTC_M1.csv
2026-07-28 06:05:23,226 | INFO     | [CSVQueue] Processing write for data_base/csv/iq_option\EURGBP-OTC\EURGBP-OTC_M5.csv
2026-07-28 06:05:23,226 | INFO     | [CSVWriter] Writing 250 rows to data_base/csv/iq_option\EURGBP-OTC\EURGBP-OTC_M5.csv
2026-07-28 06:05:23,234 | INFO     | [CSVWriter] Successfully wrote 250 rows to data_base/csv/iq_option\EURGBP-OTC\EURGBP-OTC_M5.csv
2026-07-28 06:05:23,234 | INFO     | [CSVQueue] Successfully processed write for data_base/csv/iq_option\EURGBP-OTC\EURGBP-OTC_M5.csv
2026-07-28 06:05:23,234 | INFO     | [CSVQueue] Processing write for data_base/csv/iq_option\EURGBP-OTC\EURGBP-OTC_M15.csv
2026-07-28 06:05:23,234 | INFO     | [CSVWriter] Writing 50 rows to data_base/csv/iq_option\EURGBP-OTC\EURGBP-OTC_M15.csv
2026-07-28 06:05:23,241 | INFO     | [CSVWriter] Successfully wrote 50 rows to data_base/csv/iq_option\EURGBP-OTC\EURGBP-OTC_M15.csv
2026-07-28 06:05:23,241 | INFO     | [CSVQueue] Successfully processed write for data_base/csv/iq_option\EURGBP-OTC\EURGBP-OTC_M15.csv
2026-07-28 06:05:23,241 | INFO     | [CSVQueue] Queue size: 0
2026-07-28 06:05:23,274 | INFO     | ข้อมูลพร้อมเทรด 4 รายการ  ไม่พร้อมเทรด 0 รายการ
2026-07-28 06:05:24,551 | INFO     | [WS] Subscribed live candles stream for EURUSD (M1, count=100)
2026-07-28 06:05:26,859 | INFO     | [WS] Subscribed live candles stream for EURUSD (M5, count=250)
2026-07-28 06:05:28,161 | INFO     | [WS] Subscribed live candles stream for EURUSD-OTC (M1, count=100)
2026-07-28 06:05:29,463 | INFO     | [WS] Subscribed live candles stream for EURUSD-OTC (M5, count=250)
2026-07-28 06:05:30,446 | INFO     | [TIME SYNC] Re-synced server time offset: -1.8229999542236328 seconds
2026-07-28 06:05:31,735 | INFO     | [WS] Subscribed live candles stream for GBPUSD-OTC (M1, count=100)
2026-07-28 06:05:33,104 | INFO     | [WS] Subscribed live candles stream for GBPUSD-OTC (M5, count=250)
2026-07-28 06:05:34,381 | INFO     | [WS] Subscribed live candles stream for EURGBP-OTC (M1, count=100)
2026-07-28 06:05:35,680 | INFO     | [WS] Subscribed live candles stream for EURGBP-OTC (M5, count=250)
2026-07-28 06:05:35,688 | INFO     | เข้าสู่การวิเคราะห์สัญญาณในอีก 28 วินาที  (เริ่ม 06:06:03)
2026-07-28 06:06:01,961 | INFO     | [DataAdapter] Starting update for EURUSD
2026-07-28 06:06:01,961 | INFO     | [DataAdapter] Refreshing M1 data for EURUSD
2026-07-28 06:06:01,962 | INFO     | [DataAdapter] Starting update for EURUSD-OTC
2026-07-28 06:06:01,962 | INFO     | [DataAdapter] Refreshing M1 data for EURUSD-OTC
2026-07-28 06:06:01,962 | INFO     | [DataAdapter] Starting update for GBPUSD-OTC
2026-07-28 06:06:01,962 | INFO     | [DataAdapter] Starting update for EURGBP-OTC
2026-07-28 06:06:01,962 | INFO     | [DataAdapter] Refreshing M1 data for GBPUSD-OTC
2026-07-28 06:06:01,963 | INFO     | [DataAdapter] Refreshing M1 data for EURGBP-OTC
2026-07-28 06:06:02,225 | INFO     | [IQOPTION] REST fetch succeeded for EURUSD: 3 candles
2026-07-28 06:06:02,257 | ERROR    | [DataAdapter] Anomaly detection failed for EURUSD: 'zero_volume_detected'
2026-07-28 06:06:02,271 | ERROR    | [DataAdapter] update failed for EURUSD: Zero Tolerance: Anomaly detection failed for EURUSD: 'zero_volume_detected'
2026-07-28 06:06:02,287 | ERROR    | [DataAdapter] Zero Tolerance: stopping immediately - no retry allowed
2026-07-28 06:06:02,488 | INFO     | [IQOPTION] REST fetch succeeded for EURUSD-OTC: 3 candles
2026-07-28 06:06:02,517 | INFO     | [DataAdapter] M1 anomaly detection completed for EURUSD-OTC in 0.007s
2026-07-28 06:06:02,628 | INFO     | [CSVQueue] Enqueuing write for data_base/csv/iq_option\EURUSD-OTC\EURUSD-OTC_M1.csv - Queue size: 0
2026-07-28 06:06:02,644 | INFO     | [DataAdapter] M1 data refresh completed for EURUSD-OTC
2026-07-28 06:06:02,659 | INFO     | [DataAdapter] Refreshing M5 data for EURUSD-OTC
2026-07-28 06:06:02,659 | INFO     | [CSVQueue] Processing write for data_base/csv/iq_option\EURUSD-OTC\EURUSD-OTC_M1.csv
2026-07-28 06:06:02,707 | INFO     | [CSVWriter] Writing 100 rows to data_base/csv/iq_option\EURUSD-OTC\EURUSD-OTC_M1.csv
2026-07-28 06:06:02,710 | INFO     | [IQOPTION] REST fetch succeeded for GBPUSD-OTC: 3 candles
2026-07-28 06:06:02,712 | INFO     | [DataAdapter] M5 anomaly detection completed for EURUSD-OTC
2026-07-28 06:06:02,754 | INFO     | [DataAdapter] M5 data refresh completed for EURUSD-OTC
2026-07-28 06:06:02,758 | INFO     | [DataAdapter] M1 anomaly detection completed for GBPUSD-OTC in 0.018s
2026-07-28 06:06:02,785 | INFO     | [DataAdapter] Refreshing M15 data for EURUSD-OTC
2026-07-28 06:06:02,846 | INFO     | [CSVQueue] Enqueuing write for data_base/csv/iq_option\GBPUSD-OTC\GBPUSD-OTC_M1.csv - Queue size: 0
2026-07-28 06:06:02,864 | INFO     | [DataAdapter] M1 data refresh completed for GBPUSD-OTC
2026-07-28 06:06:02,892 | INFO     | [DataAdapter] Refreshing M5 data for GBPUSD-OTC
2026-07-28 06:06:02,988 | INFO     | [DataAdapter] M15 anomaly detection completed for EURUSD-OTC
2026-07-28 06:06:02,995 | INFO     | [DataAdapter] M5 anomaly detection completed for GBPUSD-OTC
2026-07-28 06:06:02,995 | INFO     | [DataAdapter] M15 data refresh completed for EURUSD-OTC
2026-07-28 06:06:03,032 | INFO     | [CSVWriter] Successfully wrote 100 rows to data_base/csv/iq_option\EURUSD-OTC\EURUSD-OTC_M1.csv
2026-07-28 06:06:03,032 | INFO     | [DataAdapter] M5 data refresh completed for GBPUSD-OTC
2026-07-28 06:06:03,032 | INFO     | [IQOPTION] REST fetch succeeded for EURGBP-OTC: 3 candles
2026-07-28 06:06:03,034 | INFO     | [DataAdapter] Anomaly statistics for EURUSD-OTC: {'total_calls': 2, 'response_times': [0.006898164749145508, 0.017519235610961914], 'spike_count': 0, 'zero_volume_count': 0, 'impossible_candle_count': 0, 'consecutive_anomalies': 0, 'avg_response_time': np.float64(0.012208700180053711), 'max_response_time': np.float64(0.017519235610961914), 'min_response_time': np.float64(0.006898164749145508)}
2026-07-28 06:06:03,034 | INFO     | [CSVQueue] Successfully processed write for data_base/csv/iq_option\EURUSD-OTC\EURUSD-OTC_M1.csv
2026-07-28 06:06:03,035 | INFO     | [DataAdapter] Refreshing M15 data for GBPUSD-OTC
2026-07-28 06:06:03,053 | INFO     | [DataAdapter] M1 anomaly detection completed for EURGBP-OTC in 0.007s
2026-07-28 06:06:03,053 | INFO     | [CSVQueue] Processing write for data_base/csv/iq_option\GBPUSD-OTC\GBPUSD-OTC_M1.csv
2026-07-28 06:06:03,069 | INFO     | [CSVWriter] Writing 100 rows to data_base/csv/iq_option\GBPUSD-OTC\GBPUSD-OTC_M1.csv
2026-07-28 06:06:03,063 | INFO     | [DataAdapter] M15 anomaly detection completed for GBPUSD-OTC
2026-07-28 06:06:03,072 | INFO     | [DataAdapter] M15 data refresh completed for GBPUSD-OTC
2026-07-28 06:06:03,072 | INFO     | [DataAdapter] Anomaly statistics for GBPUSD-OTC: {'total_calls': 3, 'response_times': [0.006898164749145508, 0.017519235610961914, 0.006856679916381836], 'spike_count': 0, 'zero_volume_count': 0, 'impossible_candle_count': 0, 'consecutive_anomalies': 0, 'avg_response_time': np.float64(0.01042469342549642), 'max_response_time': np.float64(0.017519235610961914), 'min_response_time': np.float64(0.006856679916381836)}
2026-07-28 06:06:03,073 | INFO     | [CSVQueue] Enqueuing write for data_base/csv/iq_option\EURGBP-OTC\EURGBP-OTC_M1.csv - Queue size: 0
2026-07-28 06:06:03,074 | INFO     | [DataAdapter] M1 data refresh completed for EURGBP-OTC
2026-07-28 06:06:03,074 | INFO     | [DataAdapter] Refreshing M5 data for EURGBP-OTC
2026-07-28 06:06:03,082 | INFO     | [DataAdapter] M5 anomaly detection completed for EURGBP-OTC
2026-07-28 06:06:03,082 | INFO     | [DataAdapter] M5 data refresh completed for EURGBP-OTC
2026-07-28 06:06:03,083 | INFO     | [DataAdapter] Refreshing M15 data for EURGBP-OTC
2026-07-28 06:06:03,093 | INFO     | [DataAdapter] M15 anomaly detection completed for EURGBP-OTC
2026-07-28 06:06:03,094 | INFO     | [DataAdapter] M15 data refresh completed for EURGBP-OTC
2026-07-28 06:06:03,094 | INFO     | [DataAdapter] Anomaly statistics for EURGBP-OTC: {'total_calls': 3, 'response_times': [0.006898164749145508, 0.017519235610961914, 0.006856679916381836], 'spike_count': 0, 'zero_volume_count': 0, 'impossible_candle_count': 0, 'consecutive_anomalies': 0, 'avg_response_time': np.float64(0.01042469342549642), 'max_response_time': np.float64(0.017519235610961914), 'min_response_time': np.float64(0.006856679916381836)}
2026-07-28 06:06:03,097 | ERROR    | Error getting future result for EURUSD
Traceback (most recent call last):
  File "C:\Users\BUSOLOVE\AppData\Local\Programs\Python\Python312\Lib\site-packages\pandas\core\indexes\base.py", line 3641, in get_loc
    return self._engine.get_loc(casted_key)
           ^^^^^^^^^^^^^^^^^^^^^^^^^^^^^^^^
  File "pandas/_libs/index.pyx", line 168, in pandas._libs.index.IndexEngine.get_loc
  File "pandas/_libs/index.pyx", line 197, in pandas._libs.index.IndexEngine.get_loc
  File "pandas/_libs/hashtable_class_helper.pxi", line 7668, in pandas._libs.hashtable.PyObjectHashTable.get_item
  File "pandas/_libs/hashtable_class_helper.pxi", line 7676, in pandas._libs.hashtable.PyObjectHashTable.get_item
KeyError: 'zero_volume_detected'

The above exception was the direct cause of the following exception:

Traceback (most recent call last):
  File "E:\BOT_FINALBOT\FINALBOT_Begin\data_feed\data_adapter.py", line 266, in _refresh_m1
    completed = self._anomaly_detector.detect_anomalies(completed, symbol)
                ^^^^^^^^^^^^^^^^^^^^^^^^^^^^^^^^^^^^^^^^^^^^^^^^^^^^^^^^^^
  File "E:\BOT_FINALBOT\FINALBOT_Begin\data_feed\anomaly_detector.py", line 251, in detect_anomalies
    result_df = self.detect_zero_volume(result_df, symbol)
                ^^^^^^^^^^^^^^^^^^^^^^^^^^^^^^^^^^^^^^^^^^
  File "E:\BOT_FINALBOT\FINALBOT_Begin\data_feed\anomaly_detector.py", line 164, in detect_zero_volume
    df['zero_volume_streak'] = (df['zero_volume_detected'] == True).cumsum()
                                ~~^^^^^^^^^^^^^^^^^^^^^^^^
  File "C:\Users\BUSOLOVE\AppData\Local\Programs\Python\Python312\Lib\site-packages\pandas\core\frame.py", line 4378, in __getitem__
    indexer = self.columns.get_loc(key)
              ^^^^^^^^^^^^^^^^^^^^^^^^^
  File "C:\Users\BUSOLOVE\AppData\Local\Programs\Python\Python312\Lib\site-packages\pandas\core\indexes\base.py", line 3648, in get_loc
    raise KeyError(key) from err
KeyError: 'zero_volume_detected'

During handling of the above exception, another exception occurred:

Traceback (most recent call last):
  File "E:\BOT_FINALBOT\FINALBOT_Begin\data_feed\data_adapter.py", line 180, in update
    completed_m1 = self._refresh_m1(symbol, now_naive)
                   ^^^^^^^^^^^^^^^^^^^^^^^^^^^^^^^^^^^
  File "E:\BOT_FINALBOT\FINALBOT_Begin\data_feed\data_adapter.py", line 280, in _refresh_m1
    raise RuntimeError(f"Zero Tolerance: Anomaly detection failed for {symbol}: {e}")
RuntimeError: Zero Tolerance: Anomaly detection failed for EURUSD: 'zero_volume_detected'

During handling of the above exception, another exception occurred:

Traceback (most recent call last):
  File "E:\BOT_FINALBOT\FINALBOT_Begin\runner.py", line 281, in run_cycle
    result_val = sym_futures[sym].result()
                 ^^^^^^^^^^^^^^^^^^^^^^^^^
  File "C:\Users\BUSOLOVE\AppData\Local\Programs\Python\Python312\Lib\concurrent\futures\_base.py", line 449, in result
    return self.__get_result()
           ^^^^^^^^^^^^^^^^^^^
  File "C:\Users\BUSOLOVE\AppData\Local\Programs\Python\Python312\Lib\concurrent\futures\_base.py", line 401, in __get_result
    raise self._exception
  File "C:\Users\BUSOLOVE\AppData\Local\Programs\Python\Python312\Lib\concurrent\futures\thread.py", line 58, in run
    result = self.fn(*self.args, **self.kwargs)
             ^^^^^^^^^^^^^^^^^^^^^^^^^^^^^^^^^^
  File "E:\BOT_FINALBOT\FINALBOT_Begin\runner.py", line 188, in fetch_and_save_data
    return self.candle_adapter.update(symbol, broker_epoch=broker_epoch)
           ^^^^^^^^^^^^^^^^^^^^^^^^^^^^^^^^^^^^^^^^^^^^^^^^^^^^^^^^^^^^^
  File "E:\BOT_FINALBOT\FINALBOT_Begin\data_feed\data_adapter.py", line 237, in update
    raise Exception(f"Zero Tolerance: update failed for {symbol}: {e}")
Exception: Zero Tolerance: update failed for EURUSD: Zero Tolerance: Anomaly detection failed for EURUSD: 'zero_volume_detected'
2026-07-28 06:06:03,098 | INFO     | [CSVWriter] Successfully wrote 100 rows to data_base/csv/iq_option\GBPUSD-OTC\GBPUSD-OTC_M1.csv
2026-07-28 06:06:03,116 | INFO     | [CSVQueue] Successfully processed write for data_base/csv/iq_option\GBPUSD-OTC\GBPUSD-OTC_M1.csv
2026-07-28 06:06:03,116 | INFO     | [CSVQueue] Processing write for data_base/csv/iq_option\EURGBP-OTC\EURGBP-OTC_M1.csv
2026-07-28 06:06:03,116 | INFO     | [CSVWriter] Writing 100 rows to data_base/csv/iq_option\EURGBP-OTC\EURGBP-OTC_M1.csv
2026-07-28 06:06:03,129 | INFO     | [CSVWriter] Successfully wrote 100 rows to data_base/csv/iq_option\EURGBP-OTC\EURGBP-OTC_M1.csv
2026-07-28 06:06:03,133 | INFO     | [CSVQueue] Successfully processed write for data_base/csv/iq_option\EURGBP-OTC\EURGBP-OTC_M1.csv
2026-07-28 06:06:03,133 | INFO     | [CSVQueue] Queue size: 0
2026-07-28 06:06:03,517 | INFO     | [EURUSD-OTC:1.14620][GBPUSD-OTC:1.33137][EURGBP-OTC:0.85721] :: TOTAL=$1453.95
2026-07-28 06:06:30,447 | INFO     | [TIME SYNC] Re-synced server time offset: -2.114000082015991 seconds
