2026-06-09 19:56:09,029 | ERROR    | FINALBOT | Fatal error: cannot import name 'EngineInterface' from 'core.interfaces.engine_interface' (E:\BOT_FINALBOT13 STG\core\interfaces\engine_interface.py)
2026-06-09 19:56:09,032 | DEBUG    | FINALBOT | Traceback (most recent call last):
  File "E:\BOT_FINALBOT13 STG\runner.py", line 1388, in main
    bot = BotRunner(
        symbols=None,  # Loads from symbols.txt capped at 6
    ...<2 lines>...
        account_type=account_type
    )
  File "E:\BOT_FINALBOT13 STG\runner.py", line 255, in __init__
    from main import load_symbols
  File "<frozen importlib._bootstrap>", line 1371, in _find_and_load
  File "<frozen importlib._bootstrap>", line 1342, in _find_and_load_unlocked
  File "<frozen importlib._bootstrap>", line 938, in _load_unlocked
  File "<frozen importlib._bootstrap_external>", line 759, in exec_module
  File "<frozen importlib._bootstrap>", line 491, in _call_with_frames_removed
  File "E:\BOT_FINALBOT13 STG\main.py", line 47, in <module>
    from core.engines.engine_setup import setup_engines  # noqa: F401
    ^^^^^^^^^^^^^^^^^^^^^^^^^^^^^^^^^^^^^^^^^^^^^^^^^^^
  File "<frozen importlib._bootstrap>", line 1371, in _find_and_load
  File "<frozen importlib._bootstrap>", line 1342, in _find_and_load_unlocked
  File "<frozen importlib._bootstrap>", line 938, in _load_unlocked
  File "<frozen importlib._bootstrap_external>", line 759, in exec_module
  File "<frozen importlib._bootstrap>", line 491, in _call_with_frames_removed
  File "E:\BOT_FINALBOT13 STG\core\engines\engine_setup.py", line 35, in <module>
    from core.engines.market_structure_engine import MarketStructureEngine
  File "<frozen importlib._bootstrap>", line 1371, in _find_and_load
  File "<frozen importlib._bootstrap>", line 1342, in _find_and_load_unlocked
  File "<frozen importlib._bootstrap>", line 938, in _load_unlocked
  File "<frozen importlib._bootstrap_external>", line 759, in exec_module
  File "<frozen importlib._bootstrap>", line 491, in _call_with_frames_removed
  File "E:\BOT_FINALBOT13 STG\core\engines\market_structure_engine.py", line 1, in <module>
    from core.interfaces.engine_interface import EngineInterface
ImportError: cannot import name 'EngineInterface' from 'core.interfaces.engine_interface' (E:\BOT_FINALBOT13 STG\core\interfaces\engine_interface.py)

